4a000000 T __image_copy_start
4a000000 T _start
4a000020 T _undefined_instruction
4a000024 T _software_interrupt
4a000028 T _prefetch_abort
4a00002c T _data_abort
4a000030 T _not_used
4a000034 T _irq
4a000038 T _fiq
4a000040 T IRQ_STACK_START_IN
4a000060 t undefined_instruction
4a0000c0 t software_interrupt
4a000120 t prefetch_abort
4a000180 t data_abort
4a0001e0 t not_used
4a000240 t irq
4a0002a0 t fiq
4a000300 T reset
4a000304 T save_boot_params_ret
4a000340 T c_runtime_cpu_setup
4a000350 W save_boot_params
4a000354 T cpu_init_cp15
4a0003a8 T cpu_init_crit
4a0003b0 T __v7_flush_dcache_all
4a0003c4 t start_flush_levels
4a0003c8 t flush_levels
4a000404 t loop1
4a000408 t loop2
4a00042c t skip
4a000438 t finished
4a00044c T v7_flush_dcache_all
4a00045c T __v7_invalidate_dcache_all
4a000474 t inval_levels
4a0004b0 t inval_loop1
4a0004b4 t inval_loop2
4a0004d8 t inval_skip
4a0004e4 t inval_finished
4a0004f8 T v7_invalidate_dcache_all
4a000508 T invalidate_icache_all
4a00051c W v7_outer_cache_enable
4a00051e W v7_outer_cache_disable
4a000520 W v7_outer_cache_flush_all
4a000522 T flush_dcache_all
4a000530 W v7_outer_cache_inval_all
4a000532 T invalidate_dcache_all
4a000540 T arm_init_before_mmu
4a000562 W v7_outer_cache_flush_range
4a000564 T flush_dcache_range
4a00059c W cpu_cache_initialization
4a00059e T cleanup_before_linux_select
4a0005dc T cleanup_before_linux
4a0005e2 T sdelay
4a0005e8 W lowlevel_init
4a00060c t get_gicd_base_address
4a000638 W psci_board_init
4a00063c T armv7_init_nonsec
4a0006a0 T armv7_apply_memory_carveout
4a0006a4 T psci_update_dt
4a0006dc T timer_init
4a0006f8 T get_timer_masked
4a00074c T get_timer
4a000758 T __udelay
4a000790 T get_ticks
4a00079a T get_tbclk
4a0007a0 T tzpc_init
4a0007c0 T _main
4a00080c t here
4a000860 T memset
4a000900 T memcpy
4a000be0 W relocate_vectors
4a000bec T relocate_code
4a000bfc t copy_loop
4a000c14 t fixloop
4a000c34 t fixnext
4a000c3c t relocate_done
4a000c50 T arch_fixup_fdt
4a000c88 T arch_lmb_reserve
4a000ca8 W board_quiesce_devices
4a000caa W setup_board_tags
4a000cac t boot_prep_linux
4a000de0 W armv7_boot_nonsec_default
4a000de4 T armv7_boot_nonsec
4a000e24 t boot_jump_linux
4a000ec8 T do_bootm_linux
4a000f08 T boot_prep_vxworks
4a000f38 T boot_jump_vxworks
4a000f40 T bootz_setup
4a000fac W arch_reserve_stacks
4a000fc4 T interrupt_init
4a000fd8 T enable_interrupts
4a000fda T disable_interrupts
4a000fe0 T bad_mode
4a000fec T show_regs
4a0010f4 T do_undefined_instruction
4a001118 T do_software_interrupt
4a00113c T do_prefetch_abort
4a001160 T do_data_abort
4a001184 T do_not_used
4a0011a8 T do_fiq
4a0011cc T do_irq
4a0011f0 W reset_misc
4a0011f4 T do_reset
4a00121c W flush_cache
4a001224 T check_cache_range
4a001248 W arm_init_domains
4a00124a T set_section_dcache
4a00125c W dram_bank_mmu_setup
4a001286 T icache_enable
4a001298 T icache_disable
4a0012ae T dcache_enable
4a00131c T dcache_disable
4a00133c T dcache_status
4a001348 T fdt_psci
4a0014b0 T s_init
4a001504 T sunxi_get_boot_device
4a00154c T reset_cpu
4a00156c T enable_caches
4a001574 T clock_init_sec
4a001594 T clock_init
4a0015a4 T clock_twi_onoff
4a0015f0 T sunxi_get_sram_id
4a001610 T print_cpuinfo
4a001628 T sun8i_efuse_read
4a001684 T sunxi_get_sid
4a00169c T sunxi_gpio_set_cfgbank
4a0016c0 T sunxi_gpio_set_cfgpin
4a0016f0 T sunxi_gpio_get_cfgbank
4a00170c T sunxi_gpio_set_drv
4a001750 T sunxi_gpio_set_pull
4a001794 T sunxi_usb_phy_probe
4a001838 T prcm_apb0_enable
4a001850 T prcm_apb0_disable
4a00186c T clock_init_uart
4a001898 T clock_set_pll1
4a001904 T clock_get_pll1
4a001928 T clock_get_pll6
4a001950 t setup_environment
4a001a9c T i2c_init_board
4a001ac0 T board_init
4a001c80 T dram_init
4a001c98 T board_mmc_init
4a001d50 T get_board_serial
4a001d74 T misc_init_r
4a001e28 T ft_board_setup
4a001e32 W do_go_exec
4a001e3c t do_go
4a001e88 T do_bootm
4a001f30 T do_bootd
4a001f48 t image_info
4a001fd4 t do_iminfo
4a002014 T bootm_maybe_autostart
4a002060 t do_help
4a002090 t do_version
4a0020c0 T blk_common_cmd
4a0022a8 T source
4a002338 t do_source
4a002368 t print_num
4a002378 t do_bdinfo
4a00243c t efi_init_obj_list
4a002464 t do_bootefi_exec
4a002680 t jmp_target
4a0026e0 t do_bootefi
4a0027a8 T efi_set_bootdev
4a00285c T do_bootz
4a0028f8 t do_coninfo
4a00297c t do_echo
4a0029ec t load_elf_image_shdr
4a002a38 T valid_elf_image
4a002a68 T do_bootelf
4a002b7c T do_bootvx
4a002db4 t do_exit
4a002dd2 T do_ext4_size
4a002de0 T do_ext4_load
4a002dee T do_ext4_ls
4a002dfc T do_ext2load
4a002e0a t do_ext2ls
4a002e18 T do_fat_size
4a002e26 T do_fat_fsload
4a002e34 t do_fat_ls
4a002e44 t do_fat_fsinfo
4a002e9c t do_fat_fswrite
4a002f5c t fdt_valid
4a002fd0 t is_printable_string
4a003018 t print_data
4a00311c T set_working_fdt_addr
4a003130 t do_fdt
4a003bb4 t do_size_wrapper
4a003bc4 t do_load_wrapper
4a003c04 t do_save_wrapper
4a003c12 t do_ls_wrapper
4a003c20 t do_fstype_wrapper
4a003c24 t gpio_get_description
4a003c9c t do_gpio
4a003eb0 t do_i2c
4a003eec t show_bus
4a003f50 t i2c_get_cur_bus
4a003f9c t i2c_get_cur_bus_chip
4a003fbc t do_i2c_bus_speed
4a004020 t do_i2c_reset
4a004044 t do_i2c_probe
4a0040b4 t do_i2c_show_bus
4a004120 t get_alen.constprop.5
4a004140 t do_i2c_read
4a0041d4 t do_i2c_flags
4a004250 t do_i2c_olen
4a0042c8 t do_i2c_md
4a004424 t do_i2c_mw
4a0044e0 t do_i2c_crc
4a0045b8 T do_edid
4a004620 t do_i2c_write
4a004724 t mod_i2c_mem.isra.3
4a00489c t do_i2c_nm
4a0048a2 t do_i2c_mm
4a0048a8 t do_i2c_loop
4a004960 t do_i2c_bus_num
4a0049d0 t evalexp
4a004a18 t evalstr
4a004a54 t binary_test
4a004b58 t do_itest
4a004bac t bin_data_init
4a004bc8 t k_data_save
4a004bfc t k_data_restore
4a004c30 t getcxmodem
4a004c48 t load_serial_ymodem
4a004cd4 t bin_data_char
4a004cf0 t chk1.constprop.1
4a004d10 t s1_sendpacket.constprop.2
4a004d44 t load_serial
4a004e6c t do_load_serial
4a004efc t do_load_serial_bin
4a005428 t do_mem_mw
4a0054a8 t do_mem_loop
4a00552c t do_mem_md
4a0055d0 t do_mem_cmp
4a0056c0 t do_mem_base
4a0056e8 t do_mem_cp
4a00575c t do_mem_crc
4a005788 t do_mem_mtest
4a0058f4 t mod_mem.isra.2
4a0059e8 t do_mem_mm
4a0059ee t do_mem_nm
4a0059f4 W board_show_dram
4a005a14 t do_mem_info
4a005a22 t extract_range
4a005a54 t do_mii
4a006064 t do_sleep
4a0060ec t do_mmcops
4a006164 t init_mmc_device
4a006198 t do_mmc_rescan
4a0061b0 t do_mmc_hwpartition
4a006550 t do_mmc_list
4a00655c t do_mmc_dev
4a006628 t do_mmc_read
4a0066c0 t do_mmc_part
4a0066f8 t do_mmc_erase
4a006798 t do_mmc_write
4a006848 t do_mmcinfo
4a006ad4 t do_mmc_setdsr
4a006b48 t netboot_common
4a006cf0 t do_bootp
4a006cf8 t do_dhcp
4a006d00 t do_nfs
4a006d08 T do_tftpb
4a006d30 t do_ping
4a006d7c t do_part_list
4a006e64 t do_part_start
4a006ee8 t do_part_size
4a006f6c t do_part
4a00701c t eol_or_eof
4a007030 t do_pxe
4a007074 t label_print
4a007088 t do_get_tftp
4a0070b4 t from_env
4a0070d0 t get_string
4a00714c t label_destroy
4a00718a t destroy_pxe_menu
4a0071c0 t get_token
4a007264 t parse_sliteral
4a007298 t parse_integer
4a0072dc t do_get_any
4a007308 t do_get_fat
4a007330 t do_get_ext2
4a007358 t format_mac_pxe.constprop.9
4a0073ac t get_relfile
4a007478 t get_pxe_file
4a0074b4 t handle_include
4a00751c t parse_pxefile_top
4a00782c t parse_pxefile
4a00786c t get_pxelinux_path
4a0078c0 t do_pxe_get
4a0079a4 t get_relfile_envaddr
4a0079d8 t label_boot
4a007d90 t handle_pxe_menu
4a007e68 t do_pxe_boot
4a007efc t do_sysboot
4a008038 t substitute
4a0080d0 t get_arg
4a008104 t regex_sub
4a008328 t do_setexpr
4a008410 t do_false
4a008414 t do_true
4a008418 t do_test
4a008628 t usb_get_class_desc
4a00869c t usb_display_class_sub
4a008790 t usb_display_desc
4a008880 t usb_show_tree_graph
4a0089c8 t usb_show_subtree
4a0089e4 t usb_for_each_root_dev
4a008a1c t usb_display_string
4a008a48 t usb_display_config
4a008bf0 t usb_show_info
4a008c26 t usb_find_device
4a008c88 t do_usbboot
4a008c94 t do_usb_start
4a008cb4 T usb_show_tree
4a008cc0 t do_usb
4a008f68 T common_diskboot
4a0090e0 t do_imgextract
4a009298 t extract_val
4a0092f0 t extract_env
4a009390 t set_gpt_info.isra.1.constprop.2
4a0096b8 t do_gpt
4a0098dc t do_env_delete
4a00993c t do_env_exists
4a00997c t do_env_save
4a00999c t do_env
4a0099d8 t env_print
4a009a4c t do_env_print
4a009ac0 t do_env_import
4a009c3c t do_env_default
4a009c90 t _do_env_set.isra.1
4a009dbc t do_env_set
4a009dd0 T get_env_id
4a009ddc T env_set
4a009e18 T env_set_ulong
4a009e30 T env_set_hex
4a009e50 t do_env_export
4a009fac T envmatch
4a009fec T env_get_f
4a00a074 T env_get
4a00a0c4 T env_get_hex
4a00a0e6 T env_get_ulong
4a00a104 t do_env_edit.part.3
4a00a170 t do_env_edit
4a00a18c T board_init_f_alloc_reserve
4a00a196 T board_init_f_init_reserve
4a00a1aa W show_boot_progress
4a00a1b0 T main_loop
4a00a200 t mdelay
4a00a214 t dummy
4a00a216 T get_version
4a00a21c T jumptable_init
4a00a384 T hash_command
4a00a3f4 t b_reset
4a00a402 t static_get
4a00a414 t static_peek
4a00a41a t file_peek
4a00a420 t mapset
4a00a434 t syntax_err
4a00a440 t free_pipe_list
4a00a4e4 t xmalloc
4a00a4fc t new_pipe
4a00a514 t xrealloc
4a00a52c t done_command
4a00a56e t done_pipe
4a00a598 t done_word
4a00a764 t do_showvar
4a00a808 t is_assignment
4a00a834 t file_get
4a00a978 t b_addchr
4a00a9bc t b_addqchr
4a00a9ec T get_local_var
4a00aa44 T set_local_var
4a00ab50 t insert_var_value_sub
4a00ad10 T parse_string_outer
4a00ada4 t run_list_real
4a00b27c t parse_stream_outer
4a00b6bc T parse_file_outer
4a00b6e8 T u_boot_hush_start
4a00b718 T bootdelay_process
4a00b7a0 T autoboot_command
4a00b840 t display_text_info
4a00b844 t setup_mon_len
4a00b85c W arch_cpu_init
4a00b860 W mach_cpu_init
4a00b864 t reserve_round_4k
4a00b878 W reserve_mmu
4a00b8a6 t reserve_video
4a00b8aa t reserve_trace
4a00b8ae t reserve_uboot
4a00b8d8 t reserve_malloc
4a00b8ec t setup_machine
4a00b8f0 t reserve_global_data
4a00b906 t reserve_fdt
4a00b940 t reserve_bootstage
4a00b944 t display_new_sp
4a00b948 t reloc_bootstage
4a00b94c t initf_console_record
4a00b950 W reserve_arch
4a00b954 W arch_cpu_init_dm
4a00b958 W dram_init_banksize
4a00b972 t setup_reloc
4a00b998 t reloc_fdt
4a00b9c4 t reserve_board
4a00b9ec t announce_dram_init
4a00b9fc t init_baud_rate
4a00ba18 t initf_dm
4a00ba1e t initf_bootstage
4a00ba2a W coloured_LED_init
4a00ba2c W red_led_on
4a00ba2e W board_add_ram_info
4a00ba30 t show_dram_config
4a00ba58 W board_get_usable_ram_top
4a00ba6a t setup_dest_addr
4a00ba9a t reserve_stacks
4a00bab4 T board_init_f
4a00bad4 t bootstage_relocate
4a00bad8 t initr_trace
4a00badc t initr_reloc
4a00baf0 t initr_barrier
4a00baf4 t initr_console_record
4a00baf8 W power_init_board
4a00bafc t initr_announce
4a00bb00 t dram_set_clk
4a00bb04 t init_env_boot_mmc
4a00bb74 t run_main_loop
4a00bb7c t turn_off_tft_bl
4a00bba8 t initr_net
4a00bbbc t initr_ethaddr
4a00bbd4 t initr_enable_interrupts
4a00bbde t initr_jumptable
4a00bbe8 t initr_env
4a00bc30 t initr_mmc
4a00bc48 t initr_serial
4a00bc52 t initr_dm
4a00bc64 t initr_bootstage
4a00bc70 t initr_malloc
4a00bc8c t initr_reloc_global_data
4a00bcb4 t initr_caches
4a00bcbe W cpu_secondary_init_r
4a00bcc0 t initr_secondary_cpu
4a00bccc T nanopi_get_board
4a00bcec t setup_env_boardtype
4a00bd34 T board_init_r
4a00bd44 W checkboard
4a00bd48 W show_board_info
4a00bd74 T bootm_find_images
4a00bde0 T bootm_decomp_image
4a00bec8 T bootm_disable_interrupts
4a00bed8 T do_bootm_states
4a00c3b0 t copy_args
4a00c3e8 t do_bootm_rtems
4a00c414 t do_bootm_plan9
4a00c47c t do_bootm_standalone
4a00c4b8 t do_bootm_qnxelf
4a00c504 t do_bootm_netbsd
4a00c5a8 T do_bootvx_fdt
4a00c668 t do_bootm_vxworks
4a00c67e W arch_preboot_os
4a00c680 T boot_selected_os
4a00c6bc T bootm_os_get_boot_func
4a00c6c8 t of_bus_default_map
4a00c770 T fdt_support_default_count_cells
4a00c7a4 t of_bus_default_translate
4a00c81c T fdt_find_and_setprop
4a00c864 T fdt_find_or_add_subnode
4a00c8a4 T fdt_root
4a00c904 T fdt_initrd
4a00ca38 T fdt_chosen
4a00cac8 T do_fixup_by_path
4a00cafc T fdt_fixup_memory_banks
4a00cc1c T fdt_fixup_memory
4a00cc34 T fdt_fixup_ethernet
4a00cd30 T fdt_shrink_to_minimum
4a00cdbc T fdt_translate_address
4a00cf54 T miiphy_get_dev_by_name
4a00cf8c T miiphy_init
4a00cfa4 T miiphy_set_current_dev
4a00cfcc t miiphy_get_active_dev
4a00cffc T miiphy_get_current_dev
4a00d00c T miiphy_read
4a00d034 T miiphy_write
4a00d058 T miiphy_listdev
4a00d0ac T miiphy_info
4a00d108 T miiphy_speed
4a00d18c T miiphy_duplex
4a00d20c T miiphy_is_1000base_x
4a00d210 t usb_set_maxpacket_ep
4a00d264 T usb_control_msg
4a00d2d4 t usb_get_descriptor
4a00d30c t get_descriptor_len
4a00d36c t usb_setup_descriptor
4a00d3f0 t usb_get_string
4a00d440 t usb_string_sub
4a00d4d4 T usb_bulk_msg
4a00d526 T usb_maxpacket
4a00d540 T usb_clear_halt
4a00d59c T usb_get_configuration_len
4a00d5ec T usb_get_configuration_no
4a00d608 T usb_set_interface
4a00d680 T usb_set_protocol
4a00d6ae T usb_set_idle
4a00d6e0 T usb_string
4a00d784 T usb_select_config
4a00daa4 T usb_setup_device
4a00db4c T usb_device_has_child_on_port
4a00db50 t usb_set_port_feature
4a00db7e t usb_clear_port_feature
4a00dbac t usb_get_hub_descriptor
4a00dbee W usb_hub_reset_devices
4a00dbf0 T usb_hub_is_root_hub
4a00dc00 T usb_get_port_status
4a00dc70 T usb_hub_port_connect_change
4a00dd74 t usb_hub_configure
4a00e148 T usb_hub_scan
4a00e156 t usb_hub_post_probe
4a00e15a t usb_stor_irq
4a00e16a t usb_stor_BBB_reset
4a00e216 t usb_stor_CB_reset
4a00e2ac t usb_stor_BBB_clear_endpt_stall.isra.0
4a00e2d8 t usb_stor_BBB_transport
4a00e488 t usb_stor_CB_comdat
4a00e5dc t usb_stor_CBI_get_status.isra.2
4a00e664 t usb_stor_CB_transport
4a00e7d0 t usb_request_sense.constprop.11
4a00e81c t usb_stor_read
4a00e918 t usb_stor_write
4a00ea14 T usb_stor_info
4a00ea60 T usb_stor_reset
4a00ea6c T usb_stor_scan
4a00ea9c T usb_storage_probe
4a00ec24 T usb_stor_get_info
4a00ee44 t usb_mass_storage_probe
4a00ef78 T iomux_doenv
4a00f0a0 t snip
4a00f0d8 T edid_check_info
4a00f108 T edid_print_info
4a00f5a0 W menu_display_statusline
4a00f5a2 T menu_default_set
4a00f5f8 T menu_get_choice
4a00f724 T menu_item_add
4a00f7b0 T menu_create
4a00f804 T menu_destroy
4a00f848 t usb_kbd_remove
4a00f8bc t usb_kbd_translate.part.0
4a00f98c t usb_kbd_probe
4a00fad8 t usb_kbd_irq_worker
4a00fc04 t usb_kbd_getc
4a00fc8c t usb_kbd_testc
4a00fd24 t usb_kbd_irq
4a00fd3c t delete_char.part.0
4a00fdc0 t cread_add_char
4a00fe40 T cli_readline_into_buffer
4a0104b4 T cli_readline
4a0104c4 T cli_simple_process_macros
4a0105e8 t console_tstc
4a010644 t console_putc
4a01067c t console_puts
4a0106b4 t pre_console_putc
4a0106cc t on_console
4a010744 T serial_printf
4a010778 t console_getc.isra.2
4a010790 T tstc
4a0107aa T putc
4a0107e0 T getc
4a010814 T puts
4a01085c t print_pre_console_buffer
4a010914 T fputs
4a010920 T ctrlc
4a010958 T disable_ctrlc
4a010968 T had_ctrlc
4a010974 T clear_ctrlc
4a010980 T search_device
4a010998 T console_assign
4a010a1c T console_init_f
4a010a30 T stdio_print_current_devices
4a010aa8 T console_init_r
4a010bcc T sbrk
4a010c10 T mem_malloc_init
4a010c2c t malloc_trim
4a010cac t free
4a010e0c t malloc
4a011218 t calloc
4a0112b0 t realloc
4a011594 t memalign
4a01169e T initf_malloc
4a0116b2 T malloc_simple
4a0116dc t on_loadaddr
4a0116fc T image_check_hcrc
4a011726 T image_check_dcrc
4a011748 T image_multi_count
4a01175a T image_multi_getimg
4a0117a8 T env_get_bootm_low
4a0117c8 T env_get_bootm_size
4a01180c T env_get_bootm_mapsize
4a01182c T memmove_wd
4a011838 T genimg_print_size
4a01185c T get_table_entry
4a01186e T get_table_entry_name
4a011884 T genimg_get_os_name
4a011898 T genimg_get_arch_name
4a0118ac T genimg_get_type_name
4a0118c0 T genimg_get_comp_name
4a0118d4 T image_print_contents
4a0119dc T genimg_get_kernel_addr_fit
4a0119f0 T genimg_get_kernel_addr
4a011a08 T genimg_get_format
4a011a28 T genimg_has_config
4a011a2c T boot_get_ramdisk
4a011bd0 T boot_ramdisk_high
4a011c94 T boot_get_setup
4a011c9a T image_setup_linux
4a011cd8 t fdt_error
4a011cfc T boot_fdt_add_mem_rsv_regions
4a011d50 T boot_relocate_fdt
4a011e58 T boot_get_fdt
4a012000 W ft_verify_fdt
4a012004 T image_setup_libfdt
4a0120cc T get_ram_size
4a01215a W get_effective_memsize
4a012160 t nulldev_putc
4a012162 t nulldev_puts
4a012164 t nulldev_input
4a012168 t stdio_serial_tstc
4a01216c t stdio_serial_getc
4a012170 t stdio_serial_puts
4a012176 t stdio_serial_putc
4a01217c T stdio_get_list
4a012184 T stdio_get_by_name
4a0121b4 T stdio_clone
4a0121d8 T stdio_register_dev
4a012208 T stdio_register
4a012210 T stdio_deregister_dev
4a0122b0 T stdio_init_tables
4a0122c4 T stdio_add_devices
4a012380 T run_command
4a01238e T run_command_list
4a0123d4 T do_run
4a012424 T cli_process_fdt
4a012454 T cli_secure_boot_cmd
4a0124a0 T cli_loop
4a0124a8 T cli_init
4a0124ac T find_cmd_tbl
4a012510 T find_cmd
4a01252c T cmd_usage
4a012568 T _do_help
4a01266c T var_complete
4a0126ac T cmd_auto_complete
4a0129ac T cmd_get_data_size
4a0129e4 T cmd_process
4a012a7c T cmd_process_error
4a012a98 t hex1_bin
4a012ac2 t hex2_bin
4a012ae6 T srec_decode
4a012c68 t CYGACC_COMM_IF_GETC_TIMEOUT.isra.0
4a012c96 t xyzModem_flush
4a012cac t xyzModem_get_hdr
4a012e24 T xyzModem_stream_open
4a012f9c T xyzModem_stream_read
4a01315c T xyzModem_stream_close
4a01319c T xyzModem_stream_terminate
4a013204 T xyzModem_error
4a01321c T blk_get_dev
4a013238 T dev_print
4a01338c T part_init
4a0133b8 T part_print
4a01347c T part_get_info
4a0134c0 T part_get_info_whole_disk
4a0134f8 T blk_get_device_by_str
4a0135c4 T blk_get_device_part_str
4a013808 T part_set_generic_name
4a01383c t test_block_type
4a01388c t print_partition_extended
4a013a50 T part_print_dos
4a013a70 t part_test_dos
4a013abc t part_get_info_extended
4a013cc0 T part_get_info_dos
4a013cd8 T iso_dread
4a013cfc T part_get_info_iso_verb
4a013f54 t part_test_iso
4a013f68 t part_print_iso
4a013fc4 t part_get_info_iso
4a013fcc t print_efiname
4a014004 t part_test_efi
4a014090 t set_protective_mbr
4a014124 t validate_gpt_entries
4a0141a8 t validate_gpt_header
4a014350 t is_gpt_valid
4a014504 t is_pte_valid
4a01453c T part_print_efi
4a014730 T part_get_info_efi
4a0148a8 T get_disk_guid
4a014950 T write_gpt_table
4a014c28 T gpt_fill_pte
4a014ebc T gpt_fill_header
4a015068 T gpt_restore
4a015130 T gpt_verify_headers
4a015180 T gpt_verify_partitions
4a01530c t device_bind_common.isra.4
4a015528 t alloc_priv
4a015564 T device_bind_with_driver_data
4a01557c T device_bind
4a015592 T device_bind_by_name
4a0155d8 T device_probe
4a01570c T dev_get_platdata
4a01572c T dev_get_parent_platdata
4a01574c T dev_get_uclass_platdata
4a01576c T dev_get_priv
4a01578c T dev_get_uclass_priv
4a0157ac T dev_get_parent_priv
4a0157cc T device_get_child
4a0157fe T device_find_first_child
4a015812 T device_find_next_child
4a015828 T dev_get_parent
4a01582c T dev_get_driver_data
4a015830 T device_get_uclass_id
4a015838 T device_has_active_children
4a01585a T device_is_last_sibling
4a015870 T devfdt_get_addr_index
4a0158e0 T devfdt_get_addr
4a0158e6 T devfdt_get_addr_ptr
4a0158ec T lists_driver_lookup_name
4a015918 T lists_uclass_lookup
4a01593c T lists_bind_drivers
4a015990 T device_bind_driver_to_node
4a0159bc T device_bind_driver
4a0159d0 T lists_bind_fdt
4a015ab8 t dm_scan_fdt_node
4a015b24 T dm_root
4a015b40 T dm_get_translation_offset
4a015b50 T dm_init
4a015b9c T dm_remove_devices_flags
4a015bb0 T dm_scan_platdata
4a015bd0 T dm_scan_fdt_dev
4a015bee T dm_scan_fdt
4a015c00 T dm_extended_scan_fdt
4a015c34 W dm_scan_other
4a015c38 T dm_init_and_scan
4a015c64 T uclass_find
4a015c8e T uclass_get
4a015d38 T uclass_find_device
4a015d78 T uclass_find_first_device
4a015d9a T uclass_find_next_device
4a015db2 T uclass_find_device_by_seq
4a015e02 T uclass_find_device_by_of_offset
4a015e42 T uclass_get_device_tail
4a015e58 T uclass_get_device
4a015e74 T uclass_get_device_by_seq
4a015ea8 T uclass_get_device_by_of_offset
4a015ec4 T uclass_first_device
4a015ee2 T uclass_next_device
4a015f06 T uclass_bind_device
4a015f40 T uclass_unbind_device
4a015f68 T uclass_resolve_seq
4a015fcc T uclass_pre_probe_device
4a015ffa T uclass_post_probe_device
4a016008 T uclass_pre_remove_device
4a016016 T dm_warn
4a016030 T dm_fdt_pre_reloc
4a016074 T device_unbind
4a01612c T device_free
4a016170 T device_remove
4a01625c t simple_bus_post_bind
4a016290 t show_devices
4a016330 T dm_dump_all
4a016360 T dm_dump_uclass
4a0163ec T ofnode_read_u32
4a01641c T ofnode_read_u32_default
4a016432 T ofnode_read_u32_array
4a01644e T ofnode_get_name
4a01645a T ofnode_path
4a016468 T ofnode_get_property
4a016480 t get_desc
4a0164bc T blk_driver_lookup_type
4a0164e0 T blk_get_if_type_name
4a0164ec T blk_list_part
4a01653e T blk_print_part_devnum
4a016574 T blk_list_devices
4a0165b4 T blk_print_device_num
4a0165f0 T blk_show_device
4a016648 T blk_get_devnum_by_type
4a016668 T blk_dselect_hwpart
4a016690 T blk_get_devnum_by_typename
4a0166d0 T blk_read_devnum
4a0166fe T blk_write_devnum
4a01672c T blk_select_hwpart_devnum
4a016756 t mmc_set_ios
4a016762 t mmc_set_capacity
4a0167d0 W board_mmc_getwp
4a0167d6 T mmc_getwp
4a0167f6 W board_mmc_getcd
4a0167fc T mmc_send_cmd
4a016804 t mmc_send_ext_csd
4a016832 t mmc_go_idle
4a016864 t mmc_send_op_cond_iter
4a0168a8 T mmc_send_status
4a01692c T mmc_set_blocklen
4a016954 T mmc_bread
4a016a34 T mmc_switch
4a016a72 T mmc_switch_part
4a016ab4 T mmc_hwpart_config
4a016d70 T mmc_getcd
4a016d90 T mmc_set_clock
4a016db0 t mmc_startup
4a017714 W board_mmc_power_init
4a017718 T mmc_start_init
4a017894 T mmc_init
4a01795c T mmc_set_dsr
4a017962 W cpu_mmc_init
4a017968 T mmc_initialize
4a01799c T find_mmc_device
4a0179cc t mmc_select_hwpartp
4a017a02 t mmc_get_dev
4a017a20 T mmc_get_next_devnum
4a017a30 T mmc_get_blk_desc
4a017a34 T get_mmc_num
4a017a40 T mmc_do_preinit
4a017a64 T mmc_list_init
4a017a7c T mmc_list_add
4a017a90 T print_mmc_devices
4a017b14 T mmc_create
4a017b9c T mmc_berase
4a017cb8 T mmc_bwrite
4a017db8 t sunxi_mmc_core_init
4a017dd4 t sunxi_mmc_getcd_gpio
4a017df8 t sunxi_mmc_getcd_legacy
4a017e18 t mmc_update_clk.isra.1
4a017e64 t mmc_rint_wait.isra.3
4a017ea0 t sunxi_mmc_send_cmd_legacy
4a0180c8 t mmc_set_mod_clk
4a01817c t sunxi_mmc_set_ios_legacy
4a01820c T sunxi_mmc_init
4a018354 t keyboard_start
4a018364 t keyboard_stop
4a018374 t keyboard_pre_probe
4a0183bc t keyboard_tstc
4a0183ea t keyboard_getc
4a018418 T input_tstc
4a018440 T input_getc
4a018474 T input_init
4a018488 t get_function
4a0184e6 t gpio_to_device
4a018530 t check_reserved
4a01857c t gpio_renumber
4a0185c0 t gpio_pre_remove
4a0185f2 t gpio_post_probe
4a018618 T dm_gpio_lookup_name
4a0186b4 T gpio_lookup_name
4a0186f0 T dm_gpio_request
4a018754 T gpio_request
4a01876c T _dm_gpio_free
4a0187ae T gpio_free
4a0187c8 T gpio_direction_input
4a0187f4 T gpio_direction_output
4a018820 T dm_gpio_get_value
4a01884c T gpio_get_value
4a018862 T gpio_get_bank_info
4a018872 T gpio_get_function
4a01887a T gpio_get_raw_function
4a018884 T gpio_get_status
4a01894c t sunxi_gpio_set_value
4a018974 t sunxi_gpio_get_value
4a018990 t sunxi_gpio_get_function
4a0189ae t sunxi_gpio_direction_output
4a0189e4 t sunxi_gpio_direction_input
4a0189fa t gpio_sunxi_probe
4a018a18 t gpio_sunxi_bind
4a018a9e t sunxi_gpio_xlate
4a018ac2 T sunxi_name_to_gpio_bank
4a018ae6 T sunxi_name_to_gpio
4a018afc t i2c_setup_offset
4a018b36 T dm_i2c_read
4a018c20 T dm_i2c_write
4a018d58 T i2c_get_chip
4a018df4 T i2c_get_chip_for_busnum
4a018e1a T dm_i2c_probe
4a018e78 T dm_i2c_set_bus_speed
4a018ea0 t i2c_post_probe
4a018ecc T dm_i2c_get_bus_speed
4a018ee8 T i2c_set_chip_flags
4a018f10 T i2c_get_chip_flags
4a018f20 T i2c_set_chip_offset_len
4a018f36 T i2c_get_chip_offset_len
4a018f40 T i2c_deblock
4a018f50 T i2c_chip_ofdata_to_platdata
4a018f88 t i2c_child_post_bind
4a018fa8 t __twsi_i2c_set_bus_speed
4a01901c t mvtwsi_i2c_set_bus_speed
4a019044 t twsi_wait
4a0190b4 t i2c_begin
4a0190f4 t twsi_stop
4a019148 t mvtwsi_i2c_probe
4a0191a4 t mvtwsi_i2c_ofdata_to_platdata
4a019204 t mvtwsi_i2c_xfer
4a019390 t mvtwsi_i2c_probe_chip
4a0193dc t _serial_putc
4a0193fe t __serial_getc
4a019418 t __serial_tstc
4a019428 t serial_stub_putc
4a01942e t serial_stub_getc
4a019434 t serial_stub_tstc
4a01943a t serial_pre_remove
4a019454 t serial_post_probe
4a0194cc t serial_stub_puts
4a0194e4 T serial_init
4a0195b0 T serial_initialize
4a0195b4 T serial_putc
4a0195c6 T serial_puts
4a0195e4 T serial_getc
4a0195f4 T serial_tstc
4a019604 T serial_setbrg
4a019624 t on_baudrate
4a0196c0 T serial_stdio_init
4a0196c4 T ns16550_serial_ofdata_to_platdata
4a019730 t ns16550_writeb.isra.5
4a019744 t NS16550_setbrg
4a019778 t ns16550_serial_setbrg
4a01979c t ns16550_readb.isra.6
4a0197b0 t ns16550_serial_pending
4a0197d8 t ns16550_serial_putc
4a019802 t ns16550_serial_getc
4a019828 T NS16550_init
4a01986a T ns16550_serial_probe
4a01988a t usb_match_device
4a019908 t usb_child_post_bind
4a01995c t usb_match_one_id_intf.isra.2
4a0199ac t remove_inactive_children.isra.4
4a0199f4 T usb_disable_asynch
4a019a08 T submit_int_msg
4a019a34 T submit_control_msg
4a019a86 T submit_bulk_msg
4a019aae T create_int_queue
4a019ade T poll_int_queue
4a019afc T destroy_int_queue
4a019b1c T usb_alloc_device
4a019b30 T usb_reset_root_port
4a019b46 T usb_update_hub_device
4a019b5c T usb_get_max_xfer_size
4a019b70 T usb_stop
4a019bd8 T usb_get_bus
4a019bf0 T usb_scan_device
4a019db0 t usb_scan_bus.isra.5
4a019dfc T usb_init
4a019f18 T usb_child_pre_probe
4a019f5e T env_get_yesno
4a019f88 T env_get_default
4a019fb4 T set_default_env
4a01a030 T set_default_vars
4a01a058 T env_import
4a01a0dc T env_export
4a01a134 T env_relocate
4a01a15c T env_complete
4a01a1ec T env_driver_lookup_default
4a01a20c T env_get_char
4a01a240 T env_load
4a01a258 T env_save
4a01a278 T env_init
4a01a2a8 t regex_callback
4a01a384 T env_attr_walk
4a01a438 T env_attr_lookup
4a01a488 t clear_callback
4a01a490 t find_env_callback
4a01a4d0 t on_callbacks
4a01a508 t set_callback
4a01a558 T env_callback_init
4a01a5d0 t skip_num
4a01a614 t clear_flags
4a01a61c t on_flags
4a01a654 T env_flags_parse_vartype
4a01a684 T env_flags_parse_varaccess
4a01a6bc t set_flags
4a01a724 T eth_validate_ethaddr_str
4a01a774 T env_flags_init
4a01a804 T env_flags_validate
4a01a9bc W mmc_get_env_addr
4a01aa68 W mmc_get_env_dev
4a01aa6c t env_mmc_save
4a01ab44 t env_mmc_load
4a01abf8 t fs_probe_unsupported
4a01ac0c t fs_ls_unsupported
4a01ac12 t fs_exists_unsupported
4a01ac16 t fs_size_unsupported
4a01ac1c t fs_read_unsupported
4a01ac22 t fs_write_unsupported
4a01ac28 t fs_close_unsupported
4a01ac2a t fs_uuid_unsupported
4a01ac30 t fs_opendir_unsupported
4a01ac38 t fs_get_info
4a01ac60 t fs_close
4a01ac78 T fs_set_blk_dev
4a01ace4 T fs_set_blk_dev_with_part
4a01ad3c T fs_ls
4a01ad60 T fs_exists
4a01ad80 T fs_size
4a01ada4 T fs_read
4a01ae04 T fs_write
4a01ae64 T fs_opendir
4a01aeb4 T fs_readdir
4a01aef0 T fs_closedir
4a01af18 t fs_ls_generic
4a01af8c T do_size
4a01afcc T do_load
4a01b150 T do_ls
4a01b190 T file_exists
4a01b1ac T do_save
4a01b2ac T do_fs_type
4a01b2fc T get_fs
4a01b304 T ext4fs_free_node
4a01b320 T ext4fs_read_file
4a01b598 T ext4fs_ls
4a01b5f0 T ext4fs_exists
4a01b604 T ext4fs_size
4a01b608 T ext4fs_read
4a01b640 T ext4fs_probe
4a01b660 T ext4_read_file
4a01b6b0 T ext4fs_uuid
4a01b6d0 T ext4fs_bg_get_inode_table_id
4a01b6ea T ext4fs_read_inode
4a01b7cc T read_allocated_block
4a01bdec T ext4fs_reinit_global
4a01be64 T ext4fs_close
4a01be9c T ext4fs_iterate_dir
4a01c074 t ext4fs_find_file1
4a01c230 T ext4fs_find_file
4a01c270 T ext4fs_open
4a01c2d4 T ext4fs_mount
4a01c36c T ext4fs_set_blk_dev
4a01c3b8 T ext4fs_devread
4a01c3e0 T ext4_read_superblock
4a01c40c t downcase
4a01c430 t disk_read
4a01c460 t mkcksum
4a01c498 t disk_write
4a01c4e4 t flush_dirty_fat_buffer
4a01c544 t set_fatent_value
4a01c67c t get_fatent
4a01c774 t next_dent
4a01c824 t find_empty_cluster
4a01c83c t get_name
4a01c8bc t get_cluster
4a01c9b0 t set_cluster
4a01caa8 t read_bootsectandvi
4a01cb68 t fat_itr_root
4a01cc50 t set_name
4a01cd18 t check_overflow
4a01cd78 t slot2str
4a01cdd4 t fat_itr_next
4a01ce9c t fat_itr_resolve
4a01cf74 t flush_dir_table.constprop.11
4a01d008 t do_fat_write
4a01d824 T fat_set_blk_dev
4a01d8ac T file_fat_detectfs
4a01d980 T fat_exists
4a01d9c4 T fat_size
4a01da3c T file_fat_read_at
4a01dd08 T fat_read_file
4a01dd38 T fat_opendir
4a01dd90 T fat_readdir
4a01dde8 T fat_closedir
4a01ddfe T fat_close
4a01de00 T file_fat_write
4a01de48 T fs_devread
4a01dfb8 T efi_load_pe
4a01e1d8 t indent_string
4a01e1f8 t efi_uninstall_protocol_interface.isra.1.part.2
4a01e25c t efi_search.isra.3.part.4
4a01e284 t efi_install_protocol_interface
4a01e338 t efi_locate_handle.isra.5
4a01e3b8 T __efi_entry_check
4a01e3e0 T __efi_exit_check
4a01e400 t efi_set_mem
4a01e41e t efi_copy_mem
4a01e43c t efi_calculate_crc32
4a01e45c t efi_uninstall_multiple_protocol_interfaces
4a01e478 t efi_install_multiple_protocol_interfaces
4a01e4e4 t efi_locate_protocol
4a01e560 t efi_locate_handle_buffer
4a01e5cc t efi_protocols_per_handle
4a01e65c t efi_open_protocol_information
4a01e670 t efi_close_protocol
4a01e684 t efi_open_protocol
4a01e730 t efi_handle_protocol
4a01e744 t efi_disconnect_controller
4a01e758 t efi_connect_controller
4a01e76c t efi_set_watchdog_timer
4a01e780 t efi_stall
4a01e798 t efi_get_next_monotonic_count
4a01e7c0 t efi_unload_image
4a01e7fc t efi_locate_device_path
4a01e82c t efi_locate_handle_ext
4a01e850 t efi_register_protocol_notify
4a01e864 t efi_uninstall_protocol_interface_ext
4a01e88c t efi_reinstall_protocol_interface
4a01e8a0 t efi_install_protocol_interface_ext
4a01e8c4 t efi_close_event
4a01e910 t efi_free_pool_ext
4a01e928 t efi_allocate_pool_ext
4a01e948 t efi_get_memory_map_ext
4a01e972 t efi_free_pages_ext
4a01e992 t efi_allocate_pages_ext
4a01e9b8 t efi_restore_tpl
4a01e9dc t efi_raise_tpl
4a01ea00 T efi_save_gd
4a01ea0c T efi_restore_gd
4a01ea1c t efi_exit
4a01ea44 T __efi_nesting_inc
4a01ea54 T __efi_nesting_dec
4a01ea64 t efi_start_image
4a01ea88 t jmp_target
4a01eab8 T efi_signal_event
4a01eaec t efi_exit_boot_services
4a01eb3c t efi_signal_event_ext
4a01eb7c T efi_create_event
4a01ebf4 t efi_create_event_ext
4a01ec20 T efi_timer_check
4a01eca4 t efi_check_event
4a01ed04 t efi_wait_for_event
4a01edb0 T efi_set_timer
4a01ee50 t efi_set_timer_ext
4a01ee74 T efi_install_configuration_table
4a01ef14 t efi_install_configuration_table_ext
4a01ef30 T efi_setup_loaded_image
4a01ef90 T efi_load_image_from_path
4a01f05c t efi_load_image
4a01f0f4 t efi_get_time_boottime
4a01f0fc t efi_reset_system_boottime
4a01f116 W efi_reset_system_init
4a01f118 W efi_get_time_init
4a01f11c T efi_runtime_relocate
4a01f1ec t efi_set_virtual_address_map
4a01f2ec t efi_key_notify
4a01f2f0 t efi_cin_lock_std_in
4a01f304 t efi_cin_set_mode
4a01f318 t efi_cin_get_mode
4a01f33e t efi_cout_test_string
4a01f34c t efi_cout_reset
4a01f360 t efi_cin_reset
4a01f374 t efi_cout_enable_cursor
4a01f398 t efi_cout_set_cursor_position
4a01f3c4 t efi_cout_clear_screen
4a01f3dc t efi_cout_set_attribute
4a01f420 t efi_cout_output_string
4a01f4c0 t efi_console_timer_notify
4a01f4e8 t efi_cout_set_mode
4a01f518 t efi_cin_read_key_stroke
4a01f5d8 t efi_cout_query_mode
4a01f740 T efi_console_register
4a01f7dc t efi_mem_cmp
4a01f7fc t efi_find_free_memory
4a01f884 T efi_add_memory_map
4a01fad4 T efi_allocate_pages
4a01fb54 T efi_alloc
4a01fb88 T efi_free_pages
4a01fbb0 T efi_allocate_pool
4a01fbe4 T efi_free_pool
4a01fbfc T efi_get_memory_map
4a01fc6c W efi_add_known_memory
4a01fcb4 T efi_memory_init
4a01fd18 t efi_convert_device_node_to_text.isra.1
4a01fffc t efi_convert_device_path_to_text
4a020014 t efi_convert_device_node_to_text_ext
4a02002c t dp_size
4a020064 t dp_alloc
4a020080 t dp_fill
4a020120 t dp_part_fill.part.2
4a020234 T efi_dp_next
4a020256 T efi_dp_match
4a020296 T efi_dp_size
4a0202b0 t find_obj
4a020344 T efi_dp_find_obj
4a020364 T efi_dp_dup
4a020388 T efi_dp_from_part
4a0203ec T efi_dp_from_file
4a020498 T efi_dp_from_eth
4a0204f0 T efi_dp_from_mem
4a020598 T efi_dp_split_file_path
4a0205da t efi_file_flush
4a0205e8 t efi_file_setinfo
4a0205fc t efi_file_getpos
4a020616 t efi_file_delete
4a020632 t set_blk_dev.isra.0
4a02063c t efi_file_getinfo
4a020708 t efi_file_setpos
4a020770 t efi_file_write
4a0207d0 t efi_file_read
4a0208f0 t file_open
4a020a94 t efi_open_volume
4a020abc t efi_file_open
4a020af4 t efi_file_close
4a020b10 T efi_file_from_path
4a020bc4 T efi_simple_file_system
4a020bf4 t efi_to_native
4a020c30 t prefix
4a020c52 t hex
4a020c7c t parse_attr.part.1
4a020cec T efi_get_variable
4a020e5c T efi_get_next_variable
4a020e70 T efi_set_variable
4a02100c t get_var.constprop.0
4a021084 T efi_bootmgr_load
4a0211a4 t efi_disk_flush_blocks
4a0211b4 t efi_disk_reset
4a0211c8 t efi_disk_add_dev.isra.3.part.4
4a0212ac t efi_disk_read_blocks
4a0212fc t efi_disk_write_blocks
4a02134c T efi_fs_from_path
4a02135c T efi_disk_register
4a021480 t efi_net_push
4a021498 t efi_network_timer_notify
4a0214c4 t efi_net_nvdata
4a0214d8 t efi_net_mcastiptomac
4a0214ec t efi_net_statistics
4a021500 t efi_net_station_address
4a021514 t efi_net_receive_filters
4a021528 t efi_net_shutdown
4a021536 t efi_net_reset
4a021544 t efi_net_stop
4a021552 t efi_net_start
4a021560 t efi_net_get_status
4a02159c t efi_net_initialize
4a0215b0 t efi_net_transmit
4a0215e8 t efi_net_receive
4a0216ac T efi_net_set_dhcp_ack
4a0216e0 T efi_net_register
4a021884 T efi_smbios_register
4a0218b8 T utf16_strlen
4a0218c8 T utf16_strnlen
4a0218de T utf16_to_utf8
4a0219b4 T crc16_ccitt
4a0219dc t smbios_write_type127
4a021a08 t smbios_write_type32
4a021a34 t smbios_string_table_len
4a021a50 t smbios_add_string
4a021a8c t smbios_write_type3
4a021adc t smbios_write_type2
4a021b38 t smbios_write_type0
4a021bc8 t smbios_write_type1
4a021c40 t smbios_write_type4
4a021cc0 T write_smbios_table
4a021d80 T initcall_run_list
4a021dc4 t lmb_add_region
4a021ecc T lmb_init
4a021ee2 T lmb_add
4a021ee6 T lmb_free
4a021f6c T lmb_reserve
4a021f72 T __lmb_alloc_base
4a022030 T lmb_alloc_base
4a022050 T lmb_alloc
4a022056 W board_lmb_reserve
4a022058 T string_to_ip
4a0220b0 T qsort
4a022144 T strcmp_compar
4a02214c t merge
4a022184 T list_sort
4a022294 T zcalloc
4a02229c T zcfree
4a0222a4 T inflate_fast
4a02264c T inflate_table
4a022988 T inflateReset
4a0229c8 T inflateInit2_
4a022a64 T inflateEnd
4a022a92 T adler32
4a022cbc T inflate
4a023a08 T gzalloc
4a023a16 T gzfree
4a023a1c T gzip_parse_header
4a023a84 T zunzip
4a023b28 T gunzip
4a023b58 T fdt_check_header
4a023ba4 T fdt_offset_ptr
4a023bd6 T fdt_next_tag
4a023c5c T _fdt_check_node_offset
4a023c80 T _fdt_check_prop_offset
4a023ca4 T fdt_next_node
4a023d12 T fdt_first_subnode
4a023d3a T fdt_next_subnode
4a023d68 T _fdt_find_string
4a023d98 T fdt_move
4a023dc4 T fdt_strerror
4a023e00 T fdt_address_cells
4a023e34 T fdt_size_cells
4a023e68 t fdt_path_next_separator
4a023e92 t _nextprop
4a023ec8 T fdt_string
4a023ed2 T fdt_get_mem_rsv
4a023f0a T fdt_num_mem_rsv
4a023f2e T fdt_subnode_offset_namelen
4a023fa8 T fdt_subnode_offset
4a023fc6 T fdt_get_name
4a024004 T fdt_first_property_offset
4a02401c T fdt_next_property_offset
4a024034 T fdt_get_property_by_offset
4a024062 T fdt_get_property_namelen
4a0240d2 T fdt_get_property
4a0240f4 T fdt_getprop_namelen
4a024106 T fdt_getprop_by_offset
4a02412c T fdt_getprop
4a024150 T fdt_get_alias_namelen
4a02417c T fdt_path_offset_namelen
4a024210 T fdt_path_offset
4a02422a T fdt_get_alias
4a024244 T fdt_supernode_atdepth_offset
4a0242b6 T fdt_node_depth
4a0242d4 T fdt_parent_offset
4a0242f4 t _fdt_blocks_misordered
4a02432a t _fdt_splice
4a024374 t _fdt_splice_mem_rsv
4a0243a0 t _fdt_splice_struct
4a0243c6 t _fdt_packblocks
4a02443a t _fdt_find_add_string
4a02449e t _fdt_add_property
4a0244fe t _fdt_rw_check_header
4a024536 T fdt_add_mem_rsv
4a024590 T fdt_del_mem_rsv
4a0245ce T fdt_setprop_placeholder
4a02463a T fdt_setprop
4a024664 T fdt_appendprop
4a0246dc T fdt_delprop
4a024716 T fdt_add_subnode_namelen
4a0247b2 T fdt_add_subnode
4a0247d0 T fdt_del_node
4a024810 T fdt_open_into
4a024914 T _fdt_node_end_offset
4a02493c T fdtdec_get_int
4a02495a t get_prop_check_min_len
4a024980 T fdtdec_get_is_enabled
4a0249a8 T fdtdec_get_alias_seq
4a024a5c T fdtdec_get_chosen_prop
4a024a80 T fdtdec_get_chosen_node
4a024a9c T fdtdec_prepare_fdt
4a024acc T fdtdec_get_int_array
4a024b00 T fdtdec_get_config_int
4a024b28 T fdtdec_get_config_string
4a024b50 T fdtdec_setup
4a024b78 t cmpkey
4a024b84 t _hdelete.isra.1
4a024bb4 t drop_var_from_set.part.2
4a024be4 t match_string
4a024c60 t match_entry
4a024cdc T hcreate_r
4a024d3c T hdestroy_r
4a024d84 T hmatch_r
4a024de0 T hsearch_r
4a0250a0 T hdelete_r
4a025120 T hexport_r
4a0252c8 T himport_r
4a02553c T hwalk_r
4a025568 T display_options_get_banner_priv
4a0255c8 T display_options_get_banner
4a0255dc T display_options
4a025600 T print_size
4a0256d8 T print_buffer
4a0257fc T crc32_no_comp
4a025888 T crc32
4a025894 T crc32_wd
4a025898 W __div64_32
4a025928 T hang
4a025940 T skip_spaces
4a025958 T strim
4a02598c t emit
4a0259ac t store_char_in_data
4a0259d0 t get_escape_char
4a025a18 t match
4a025c98 t loop_greedy
4a025cf6 t loop_non_greedy
4a025d44 t fixup_branch.part.0
4a025d6c t quantifier
4a025de0 t compile
4a026048 T slre_compile
4a0260c2 T slre_match
4a02611c T strncasecmp
4a026174 T strcpy
4a026184 T strncpy
4a02619c T strcat
4a0261ba T strncat
4a0261e4 T strcmp
4a0261fe T strncmp
4a026224 T strchr
4a02623c T strlen
4a02624c T strlcpy
4a02627a T strrchr
4a02629a T strnlen
4a0262b2 T strdup
4a0262d4 T strpbrk
4a0262f4 T strsep
4a026312 T memmove
4a02633a T memcmp
4a026356 T memscan
4a02636c T strstr
4a0263b2 T memchr
4a0263ce t tick_to_time
4a026416 W timer_get_us
4a026434 T udelay
4a026454 T uuid_str_valid
4a0264a8 T uuid_str_to_bin
4a0265bc T uuid_bin_to_str
4a026634 T gen_rand_uuid
4a026684 T gen_rand_uuid_str
4a0266a0 T rand_r
4a0266b4 T rand
4a0266c0 t put_dec_trunc
4a026758 t put_dec
4a0268a0 t number
4a026a9c t string
4a026b14 t vsnprintf_internal
4a0270ac T vscnprintf
4a0270c2 T snprintf
4a0270dc T vsprintf
4a0270f0 T sprintf
4a02710a T printf
4a02713c T vprintf
4a027160 T simple_itoa
4a027198 t panic_finish
4a0271b8 T panic_str
4a0271c2 T panic
4a0271d8 t _parse_integer_fixup_radix
4a027234 T simple_strtoul
4a027284 T strict_strtoul
4a0272c6 T simple_strtol
4a0272e0 T ustrtoul
4a02731c T simple_strtoull
4a02738c T ustrtoull
4a0273dc T trailing_strtoln
4a027428 T trailing_strtol
4a02742e T compute_ip_checksum
4a027472 T ip_checksum_ok
4a027488 T arp_init
4a0274c0 T arp_raw_request
4a027554 T arp_request
4a0275ac T arp_timeout_check
4a027604 T arp_receive
4a027760 t dhcp_extended
4a0278c4 t dhcp_process_options
4a0279e8 t dhcp_packet_process_options
4a027a44 t dhcp_handler
4a027cfc T bootp_reset
4a027d28 T bootp_request
4a027f1c t bootp_timeout_handler
4a027f74 T dhcp_request
4a027f78 t eth_get_uclass_priv
4a027f8c t eth_pre_remove
4a027fa8 t eth_write_hwaddr
4a028020 t on_ethaddr
4a02806c t eth_post_probe
4a028180 t eth_post_bind
4a0281a0 T eth_set_current_to_next
4a0281c4 T eth_get_dev
4a0281e4 T eth_set_dev
4a02820c t eth_pre_unbind
4a028224 T eth_get_dev_by_name
4a0282ac T eth_get_ethaddr
4a0282be T eth_halt_state_only
4a0282d4 T eth_get_dev_index
4a0282ec T eth_init
4a028380 T eth_halt
4a0283a0 T eth_send
4a0283ce T eth_rx
4a028438 T eth_initialize
4a0284dc T eth_parse_enetaddr
4a028508 T eth_env_get_enetaddr
4a02853c T eth_env_set_enetaddr
4a02856c T eth_env_get_enetaddr_by_index
4a0285a0 T eth_env_set_enetaddr_by_index
4a0285d4 T eth_common_init
4a0285e4 T eth_mac_skip
4a028614 T eth_get_name
4a02862c T eth_current_changed
4a02868c T eth_try_another
4a0286e0 T eth_set_current
4a028738 t start_again_timeout_handler
4a028744 t dummy_handler
4a028748 t on_ipaddr
4a028760 t on_gatewayip
4a028778 t on_netmask
4a028790 t on_serverip
4a0287a8 t net_init_loop
4a0287c8 t net_clear_handlers
4a0287ec T net_auto_load
4a02882c T net_init
4a02887c T net_start_again
4a028968 T net_loop
4a028bd0 T net_set_udp_handler
4a028be8 T net_get_arp_handler
4a028bf4 T net_set_timeout_handler
4a028c34 T net_process_received_packet
4a028e08 T net_eth_hdr_size
4a028e30 T net_set_ether
4a028ea8 T net_update_ether
4a028f14 T net_set_ip_header
4a028f74 T net_set_udp_header
4a028fe8 T net_send_udp_packet
4a0290a0 T copy_filename
4a0290cc t on_bootfile
4a0290ec T ip_to_string
4a029114 T string_to_vlan
4a02913c t on_nvlan
4a029154 t on_vlan
4a02916c t rpc_lookup_reply
4a0291d8 t nfs_mount_reply
4a02923c t nfs_umountall_reply
4a02929c t nfs_lookup_reply
4a029354 t nfs3_get_attributes_offset
4a029360 t nfs_readlink_reply
4a029414 t basename
4a029434 t rpc_req
4a0294f0 t nfs_umountall_req
4a029544 t nfs_read_reply.isra.2
4a029628 t nfs_readlink_req
4a0296ac t nfs_mount_req
4a029734 t nfs_read_req
4a0297d8 t nfs_lookup_req
4a0298dc t nfs_send
4a0299b0 t nfs_handler
4a029b34 t nfs_timeout_handler
4a029b80 T nfs_start
4a029c7c t ping_timeout_handler
4a029c90 T ping_start
4a029d64 T ping_receive
4a029e08 t tftp_send
4a029f30 t tftp_handler
4a02a194 t tftp_timeout_handler
4a02a1f8 T tftp_start
4a02a478 t do_dm_dump_devres
4a02a47c t do_dm
4a02a4c0 t do_dm_dump_uclass
4a02a4ca t do_dm_dump_all
4a02a4d4 T __aeabi_llsl
4a02a4d4 T __ashldi3
4a02a4f4 T __aeabi_uidiv
4a02a4f4 T __udivsi3
4a02a590 T __aeabi_idiv
4a02a590 T __divsi3
4a02a65c T __aeabi_uidivmod
4a02a674 T __aeabi_idivmod
4a02a68c t Ldiv0
4a02a69c T __aeabi_llsr
4a02a69c T __lshrdi3
4a02a6bc T __div0
4a02b000 D __secure_start
4a02b000 t _monitor_vectors
4a02b020 t _secure_monitor
4a02b098 T _do_nonsec_entry
4a02b0ac T _nonsec_init
4a02b140 T _psci_vectors
4a02b164 W default_psci_vector
4a02b168 W psci_affinity_info
4a02b168 W psci_cpu_default_suspend
4a02b168 W psci_cpu_freeze
4a02b168 W psci_cpu_suspend
4a02b168 W psci_features
4a02b168 W psci_migrate
4a02b168 W psci_migrate_info_type
4a02b168 W psci_migrate_info_up_cpu
4a02b168 W psci_node_hw_state
4a02b168 W psci_set_suspend_mode
4a02b168 W psci_stat_count
4a02b168 W psci_system_off
4a02b168 W psci_system_reset
4a02b168 W psci_system_suspend
4a02b168 W psci_version
4a02b168 W psi_stat_residency
4a02b170 t _psci_table
4a02b228 t _smc_psci
4a02b270 W psci_get_cpu_id
4a02b27c T psci_v7_flush_dcache_all
4a02b298 t flush_levels
4a02b2dc t loop1
4a02b2e0 t loop2
4a02b2fc t skip
4a02b308 t finished
4a02b320 W psci_disable_smp
4a02b338 W psci_enable_smp
4a02b34c T psci_cpu_off_common
4a02b380 t psci_get_cpu_stack_top
4a02b390 T psci_stack_setup
4a02b3b0 T psci_cpu_entry
4a02b3e0 T psci_save_target_pc
4a02b3f0 T psci_get_target_pc
4a02b3fc t __mdelay
4a02b428 T sunxi_cpu_power_off
4a02b49c T psci_fiq_enter
4a02b4ec T psci_cpu_on
4a02b590 T psci_cpu_off
4a02b5b0 T psci_arch_init
4a02b600 t __psci_fiq_enter_from_arm
4a02b610 d psci_target_pc
4a02c000 B __secure_stack_start
4a02d000 B __secure_stack_end
4a02d000 D __secure_end
4a02d008 r efi_boot_services
4a02d0d0 r efi_file_handle_protocol
4a02d180 r CSWTCH.28
4a02d1a0 r CSWTCH.30
4a02d1b4 r CSWTCH.48
4a02d1d4 r boot_os
4a02d234 r color
4a02d274 r crc_table
4a02d674 r desc_and_len_tbl
4a02d6a4 R efi_con_out
4a02d6cc R efi_console_control
4a02d6d8 R efi_device_path_to_text
4a02d6e0 r efi_runtime_detach_list
4a02d730 r env_flags_varaccess_mask
4a02d740 r ext_csd_bits.9694
4a02d754 r ext_to_hostcaps.9695
4a02d770 r fbase
4a02d780 r fdt_errtable
4a02d7c8 r generic_simple_bus_ids
4a02d7e0 r gpio_function
4a02d7f4 r gpio_sunxi_ops
4a02d81c r hub_id_table
4a02d84c r init_sequence_f
4a02d8f0 r kbd_id_table
4a02d920 r keywords
4a02d9b8 r mass_storage_id_table
4a02d9e8 r mvtwsi_i2c_ids
4a02da08 r mvtwsi_i2c_ops
4a02da20 r ns16550_serial_ids
4a02da80 R ns16550_serial_ops
4a02da94 R op_adv
4a02db94 r op_table
4a02dbfc r reg_0_5_desc_tbl
4a02dc2c r reg_0_desc_tbl
4a02dca4 r reg_1_desc_tbl
4a02dd64 r reg_2_desc_tbl
4a02dd70 r reg_3_desc_tbl
4a02dd94 r reg_4_desc_tbl
4a02de24 r reg_5_desc_tbl
4a02deb4 r root_info
4a02debc r sd_au_size
4a02defc r smbios_write_funcs
4a02df18 r soc_data_a_all
4a02df20 r soc_data_l_1
4a02df28 r soc_data_l_2
4a02df30 r soc_data_l_3
4a02df38 r sunxi_gpio_ids
4a02dfc8 r sunxi_mmc_ops
4a02dfdc r uimage_arch
4a02e114 r uimage_comp
4a02e168 r uimage_os
4a02e1e0 r uimage_type
4a02e36c r usb_hub_ids
4a02e37c r usb_kbd_ids
4a02e38c r usb_mass_storage_ids
4a02e39c r widths.9696
4a02e3b0 r CSWTCH.30
4a02e3b8 r crc16_tab
4a02e5b8 r dbase.7300
4a02e5f8 r dext.7301
4a02e638 r distfix
4a02e6b8 r lbase.7298
4a02e6f6 r lenfix
4a02eef6 r lext.7299
4a02ef34 r order.7394
4a02f015 r CSWTCH.66
4a02f02b r END
4a02f02f r ROOT
4a02f043 r __FUNCTION__.8663
4a02f05a r __FUNCTION__.8808
4a02f071 r __func__.10089
4a02f086 r __func__.11464
4a02f091 r __func__.6972
4a02f09c r __func__.7399
4a02f0a3 r __func__.7868
4a02f0b1 r __func__.7964
4a02f0bd r __func__.8270
4a02f0cb r __func__.8280
4a02f0da r __func__.8292
4a02f0ec r __func__.8303
4a02f0ff r __func__.8366
4a02f10b r __func__.8384
4a02f11e r __func__.8434
4a02f12b r __func__.8446
4a02f142 r __func__.8451
4a02f14f r __func__.8540
4a02f167 r __func__.8955
4a02f175 r __func__.9587
4a02f182 r __func__.9593
4a02f193 r __func__.9597
4a02f1ab r __func__.9601
4a02f1c3 r __func__.9605
4a02f1d0 r __func__.9609
4a02f1e4 r __func__.9613
4a02f1f8 r __func__.9728
4a02f201 r __func__.9935
4a02f210 R _ctype
4a02f310 R default_environment
4a03031d r digits.7019
4a03032d r efi_block_io_guid
4a03033d R efi_file_info_guid
4a03034d R efi_global_variable_guid
4a03035d R efi_guid_console_control
4a03036d R efi_guid_device_path
4a03037d R efi_guid_device_path_to_text_protocol
4a03038d R efi_guid_loaded_image
4a03039d r efi_net_guid
4a0303ad r efi_pxe_guid
4a0303bd R efi_simple_file_system_protocol_guid
4a0303cd r env_flags_varaccess_rep
4a0303d2 r env_flags_vartype_rep
4a0303d9 r erase_seq
4a0303dd r hex_asc
4a0303ee r hexchars.7849
4a0303ff r multipliers
4a03040f r names.7242
4a030415 R net_bcast_ethaddr
4a03041b r smbios_guid
4a03cb8b r tab_seq
4a03cb94 r us_direction
4a03cbb4 r usb_kbd_arrow
4a03cbb8 r usb_kbd_num_keypad
4a03cbcc r usb_kbd_numkey
4a03cbe7 r usb_kbd_numkey_shifted
4a03cc02 V version_string
4a03cc80 d sunxi_usb_phy
4a03cd00 d bootm_help_text
4a03d08c d cmd_bootm_sub
4a03d188 d source_help_text
4a03d1d6 d bootefi_help_text
4a03d356 d bootz_help_text
4a03d55e d root.7886
4a03d560 d tabs.7971
4a03d581 d fdt_help_text
4a03dbca d i2c_help_text
4a03dfe8 d cmd_i2c_sub
4a03e1a8 d i2c_dp_last_length
4a03e1ac d do_echo
4a03e1b0 d dp_last_length
4a03e1b4 d curr_device
4a03e1b8 d cmd_mmc
4a03e2d0 d cmd_pxe_sub
4a03e308 D pxe_default_paths
4a03e318 d usb_stor_curr_dev
4a03e31c d imgextract_help_text
4a03e371 d env_help_text
4a03e5c0 d env_id
4a03e5c4 d cmd_env_sub
4a03e6dc d reserved_list
4a03e760 d init_sequence_r
4a03e7e0 D npi_boardtype
4a03e7e4 D nanopi_board
4a03e964 d of_busses
4a03e97c d usb_scan_list
4a03e984 d hist_cur
4a03e988 d av_
4a03ed90 d sbrk_base
4a03ed94 d trim_threshold
4a03ed98 D load_addr
4a03ed9c D stdio_names
4a03eda8 d system_guid
4a03edb8 d cur_dev_num
4a03edbc D env_htab
4a03edcc d first_call
4a03edd0 d first_call
4a03edd4 d fstypes
4a03ee7c D ext4fs_indir3_blkno
4a03ee80 D ext4fs_indir1_blkno
4a03ee84 D ext4fs_indir2_blkno
4a03ee88 d efi_tpl
4a03ee8c d efi_is_direct_boot
4a03ee90 D efi_obj_list
4a03ee98 d lastoff.9945
4a03ee9c D efi_runtime_mmio
4a03eea4 D efi_con_in
4a03eeb0 d efi_console_input_obj
4a03ef3c d __compound_literal.2
4a03ef4c d __compound_literal.4
4a03ef5c d efi_console_output_obj
4a03efe8 d efi_cout_modes
4a03f00c d efi_console_control_obj
4a03f098 d efi_con_mode
4a03f0b0 D efi_mem
4a03f0b8 d y
4a03f0bc d first_call.7593
4a03f0c0 D net_native_vlan
4a03f0c2 D net_our_vlan
4a03f0c4 d nfs_offset
4a03f0c8 d supported_nfs_versions
4a03f0ca d tftp_block_size_option
4a03f0cc D tftp_timeout_count_max
4a03f0d0 d timeout_ms
4a03f0d4 d tftp_block_size
4a03f0d8 d timeout_count_max
4a03f0dc d test_commands
4a03f13c D _u_boot_list_2_blk_driver_2_mmc
4a03f13c d start.7098
4a03f13c d start.7102
4a03f13c d start.7117
4a03f13c d start.7121
4a03f154 D _u_boot_list_2_blk_driver_2_usb
4a03f16c D _u_boot_list_2_cmd_2_base
4a03f16c d end.7105
4a03f16c d end.7124
4a03f16c d start.6903
4a03f16c d start.6907
4a03f16c d start.7050
4a03f16c d start.7054
4a03f16c d start.7081
4a03f16c d start.7085
4a03f188 D _u_boot_list_2_cmd_2_bdinfo
4a03f1a4 D _u_boot_list_2_cmd_2_boot
4a03f1c0 D _u_boot_list_2_cmd_2_bootd
4a03f1dc D _u_boot_list_2_cmd_2_bootefi
4a03f1f8 D _u_boot_list_2_cmd_2_bootelf
4a03f214 D _u_boot_list_2_cmd_2_bootm
4a03f230 D _u_boot_list_2_cmd_2_bootp
4a03f24c D _u_boot_list_2_cmd_2_bootvx
4a03f268 D _u_boot_list_2_cmd_2_bootz
4a03f284 D _u_boot_list_2_cmd_2_cmp
4a03f2a0 D _u_boot_list_2_cmd_2_coninfo
4a03f2bc D _u_boot_list_2_cmd_2_cp
4a03f2d8 D _u_boot_list_2_cmd_2_crc32
4a03f2f4 D _u_boot_list_2_cmd_2_dhcp
4a03f310 D _u_boot_list_2_cmd_2_dm
4a03f32c D _u_boot_list_2_cmd_2_echo
4a03f348 D _u_boot_list_2_cmd_2_editenv
4a03f364 D _u_boot_list_2_cmd_2_env
4a03f380 D _u_boot_list_2_cmd_2_exit
4a03f39c D _u_boot_list_2_cmd_2_ext2load
4a03f3b8 D _u_boot_list_2_cmd_2_ext2ls
4a03f3d4 D _u_boot_list_2_cmd_2_ext4load
4a03f3f0 D _u_boot_list_2_cmd_2_ext4ls
4a03f40c D _u_boot_list_2_cmd_2_ext4size
4a03f428 D _u_boot_list_2_cmd_2_false
4a03f444 D _u_boot_list_2_cmd_2_fatinfo
4a03f460 D _u_boot_list_2_cmd_2_fatload
4a03f47c D _u_boot_list_2_cmd_2_fatls
4a03f498 D _u_boot_list_2_cmd_2_fatsize
4a03f4b4 D _u_boot_list_2_cmd_2_fatwrite
4a03f4d0 D _u_boot_list_2_cmd_2_fdt
4a03f4ec D _u_boot_list_2_cmd_2_fstype
4a03f508 D _u_boot_list_2_cmd_2_go
4a03f524 D _u_boot_list_2_cmd_2_gpio
4a03f540 D _u_boot_list_2_cmd_2_gpt
4a03f55c D _u_boot_list_2_cmd_2_help
4a03f578 D _u_boot_list_2_cmd_2_i2c
4a03f594 D _u_boot_list_2_cmd_2_iminfo
4a03f5b0 D _u_boot_list_2_cmd_2_imxtract
4a03f5cc D _u_boot_list_2_cmd_2_itest
4a03f5e8 D _u_boot_list_2_cmd_2_load
4a03f604 D _u_boot_list_2_cmd_2_loadb
4a03f620 D _u_boot_list_2_cmd_2_loads
4a03f63c D _u_boot_list_2_cmd_2_loadx
4a03f658 D _u_boot_list_2_cmd_2_loady
4a03f674 D _u_boot_list_2_cmd_2_loop
4a03f690 D _u_boot_list_2_cmd_2_ls
4a03f6ac D _u_boot_list_2_cmd_2_md
4a03f6c8 D _u_boot_list_2_cmd_2_meminfo
4a03f6e4 D _u_boot_list_2_cmd_2_mii
4a03f700 D _u_boot_list_2_cmd_2_mm
4a03f71c D _u_boot_list_2_cmd_2_mmc
4a03f738 D _u_boot_list_2_cmd_2_mmcinfo
4a03f754 D _u_boot_list_2_cmd_2_mtest
4a03f770 D _u_boot_list_2_cmd_2_mw
4a03f78c D _u_boot_list_2_cmd_2_nfs
4a03f7a8 D _u_boot_list_2_cmd_2_nm
4a03f7c4 D _u_boot_list_2_cmd_2_part
4a03f7e0 D _u_boot_list_2_cmd_2_ping
4a03f7fc D _u_boot_list_2_cmd_2_printenv
4a03f818 D _u_boot_list_2_cmd_2_pxe
4a03f834 D _u_boot_list_2_cmd_2_question_mark
4a03f850 D _u_boot_list_2_cmd_2_reset
4a03f86c D _u_boot_list_2_cmd_2_run
4a03f888 D _u_boot_list_2_cmd_2_save
4a03f8a4 D _u_boot_list_2_cmd_2_saveenv
4a03f8c0 D _u_boot_list_2_cmd_2_setenv
4a03f8dc D _u_boot_list_2_cmd_2_setexpr
4a03f8f8 D _u_boot_list_2_cmd_2_showvar
4a03f914 D _u_boot_list_2_cmd_2_size
4a03f930 D _u_boot_list_2_cmd_2_sleep
4a03f94c D _u_boot_list_2_cmd_2_source
4a03f968 D _u_boot_list_2_cmd_2_sysboot
4a03f984 D _u_boot_list_2_cmd_2_test
4a03f9a0 D _u_boot_list_2_cmd_2_tftpboot
4a03f9bc D _u_boot_list_2_cmd_2_true
4a03f9d8 D _u_boot_list_2_cmd_2_usb
4a03f9f4 D _u_boot_list_2_cmd_2_usbboot
4a03fa10 D _u_boot_list_2_cmd_2_version
4a03fa2c D _u_boot_list_2_driver_2_gpio_sunxi
4a03fa2c d end.6910
4a03fa2c d end.7057
4a03fa2c d end.7088
4a03fa2c d start.8885
4a03fa2c d start.8889
4a03fa2c d start.8971
4a03fa2c d start.8975
4a03fa70 D _u_boot_list_2_driver_2_i2c_generic_chip_drv
4a03fab4 D _u_boot_list_2_driver_2_i2c_mvtwsi
4a03faf8 D _u_boot_list_2_driver_2_ns16550_serial
4a03fb3c D _u_boot_list_2_driver_2_root_driver
4a03fb80 D _u_boot_list_2_driver_2_simple_bus_drv
4a03fbc4 D _u_boot_list_2_driver_2_usb_dev_generic_drv
4a03fc08 D _u_boot_list_2_driver_2_usb_generic_hub
4a03fc4c D _u_boot_list_2_driver_2_usb_kbd
4a03fc90 D _u_boot_list_2_driver_2_usb_mass_storage
4a03fcd4 D _u_boot_list_2_env_clbk_2_baudrate
4a03fcd4 d end.8892
4a03fcd4 d end.8931
4a03fcd4 d end.8978
4a03fcd4 d start.7300
4a03fcd4 d start.7307
4a03fcd4 d start.8924
4a03fcd4 d start.8928
4a03fcdc D _u_boot_list_2_env_clbk_2_bootfile
4a03fce4 D _u_boot_list_2_env_clbk_2_callbacks
4a03fcec D _u_boot_list_2_env_clbk_2_console
4a03fcf4 D _u_boot_list_2_env_clbk_2_ethaddr
4a03fcfc D _u_boot_list_2_env_clbk_2_flags
4a03fd04 D _u_boot_list_2_env_clbk_2_gatewayip
4a03fd0c D _u_boot_list_2_env_clbk_2_ipaddr
4a03fd14 D _u_boot_list_2_env_clbk_2_loadaddr
4a03fd1c D _u_boot_list_2_env_clbk_2_netmask
4a03fd24 D _u_boot_list_2_env_clbk_2_nvlan
4a03fd2c D _u_boot_list_2_env_clbk_2_serverip
4a03fd34 D _u_boot_list_2_env_clbk_2_vlan
4a03fd3c D _u_boot_list_2_env_driver_2_mmc
4a03fd3c d end.7303
4a03fd3c d start.7300
4a03fd3c d start.7308
4a03fd54 D _u_boot_list_2_part_driver_2_a_efi
4a03fd54 d end.7303
4a03fd54 d start.6992
4a03fd54 d start.6996
4a03fd54 d start.7060
4a03fd54 d start.7064
4a03fd54 d start.7146
4a03fd54 d start.7150
4a03fd6c D _u_boot_list_2_part_driver_2_dos
4a03fd84 D _u_boot_list_2_part_driver_2_iso
4a03fd9c D _u_boot_list_2_uclass_2_display
4a03fd9c d end.6999
4a03fd9c d end.7067
4a03fd9c d end.7153
4a03fd9c d start.8904
4a03fd9c d start.8908
4a03fde4 D _u_boot_list_2_uclass_2_eth
4a03fe2c D _u_boot_list_2_uclass_2_gpio
4a03fe74 D _u_boot_list_2_uclass_2_i2c
4a03febc D _u_boot_list_2_uclass_2_i2c_generic
4a03ff04 D _u_boot_list_2_uclass_2_keyboard
4a03ff4c D _u_boot_list_2_uclass_2_root
4a03ff94 D _u_boot_list_2_uclass_2_serial
4a03ffdc D _u_boot_list_2_uclass_2_simple_bus
4a040024 D _u_boot_list_2_uclass_2_usb
4a04006c D _u_boot_list_2_uclass_2_usb_dev_generic
4a0400b4 D _u_boot_list_2_uclass_2_usb_hub
4a0400fc D _u_boot_list_2_uclass_2_usb_mass_storage
4a040144 D _u_boot_list_2_usb_driver_entry_2_usb_generic_hub
4a040144 d end.8911
4a040144 d start.10026
4a040144 d start.10029
4a04014c D _u_boot_list_2_usb_driver_entry_2_usb_kbd
4a040154 D _u_boot_list_2_usb_driver_entry_2_usb_mass_storage
4a04015c D __efi_runtime_start
4a04015c d end.10032
4a040160 W efi_reset_system
4a040162 W efi_get_time
4a04016c t efi_unimplemented
4a040174 t efi_device_error
4a04017c t efi_invalid_parameter
4a040188 T systab
4a0401d0 t efi_conf_table
4a0401f8 t firmware_vendor
4a040210 T efi_runtime_services
4a040260 T __efi_runtime_rel_start
4a040260 T __efi_runtime_stop
4a0402f0 B __bss_base
4a0402f0 B __bss_start
4a0402f0 R __efi_runtime_rel_stop
4a0402f0 R __image_copy_end
4a0402f0 R __rel_dyn_start
4a0402f0 b params
4a0402f4 b efi_obj_list_initalized
4a0402f8 b bootefi_device_path
4a0402fc b bootefi_image_path
4a040300 b data.7859
4a040700 B working_fdt
4a040704 b i2c_mm_last_addr
4a040708 b i2c_mm_last_chip
4a04070c b i2c_mm_last_alen
4a040710 b i2c_dp_last_chip
4a040714 b i2c_dp_last_addr
4a040718 b i2c_cur_bus
4a04071c b i2c_dp_last_alen
4a040720 b send_parms
4a040734 b os_data_init
4a040738 b os_data_addr_saved
4a04073c b his_pad_char
4a04073d b a_b
4a040758 b os_data_char
4a04075c b os_data_state
4a040760 b k_data_escape
4a040764 b os_data_state_saved
4a040768 b os_data_addr
4a04076c b send_ptr
4a040770 b bin_start_address
4a040774 b his_quote
4a040778 b his_pad_count
4a04077c b his_eol
4a040780 b k_data_escape_saved
4a040784 b dp_last_addr
4a040788 b base_address
4a04078c b mm_last_size
4a040790 b mm_last_addr
4a040794 b dp_last_size
4a040798 b last_data
4a04079c b last_reg_hi
4a0407a0 b last_mask
4a0407a4 b last_addr_lo
4a0407a8 b last_op
4a0407ac b last_addr_hi
4a0407b0 b last_reg_lo
4a0407b4 b do_getfile
4a0407b8 b is_pxe
4a0407bc b fs_argv
4a0407d0 b flag_repeat
4a0407d4 b buf.7512
4a0407fc b the_command.7312
4a040c00 b ifs
4a040c04 b last_return_code
4a040c08 b map
4a040d08 b do_repeat
4a040d0c b top_vars
4a040d10 b stored_bootdelay
4a040d14 b boot_source
4a040d18 B monitor_flash_len
4a040d1c B images
4a040e4c b current_mii
4a040e50 b mii_devs
4a040e58 B usb_started
4a040e5c b running.9986
4a040e60 b usb_stor
4a040fe8 b usb_dev_desc
4a0413a0 b usb_max_devs
4a0413a4 b CBWTag
4a0413c0 b usb_ccb
4a041480 b kbd_testc_tms
4a041484 b hist_list
4a0414d4 b hist_lines
4a0464e8 b hist_max
4a0464ec b hist_add_idx
4a0464f0 b hist_num
4a0464f4 B console_buffer
4a0468f8 b initted.7106
4a0468fc b ctrlc_was_pressed
4a046900 B cd_count
4a04690c b tstcdev
4a046910 b ctrlc_disabled
4a046914 B console_devices
4a046920 b max_total_mem
4a046924 B mem_malloc_brk
4a046928 b max_sbrked_mem
4a04692c b current_mallinfo
4a046954 B mem_malloc_end
4a046958 b top_pad
4a04695c B mem_malloc_start
4a046960 b devs
4a0469ac B stdio_devices
4a0469b8 b tmp_buf
4a046db8 b tmp_buf.7071
4a046fb8 b xyz
4a047400 b tmpbuf
4a047c00 b name.8234
4a047c28 b initialized.9749
4a047c2c b mmc_devices
4a047c34 B mmc_host
4a047d24 b asynch_allowed
4a047d28 b callback_list
4a047d2c b flags_list
4a047d30 b fs_partition
4a047da8 b fs_type
4a047dac b fs_dev_desc
4a047db0 b fs_dev_part
4a047db8 B ext_fs
4a047e00 B ext4fs_indir3_block
4a047e04 B ext4fs_root
4a047e08 B ext4fs_indir3_size
4a047e0c B ext4fs_indir1_block
4a047e10 B ext4fs_indir2_size
4a047e14 B ext4fs_indir2_block
4a047e18 B ext4fs_indir1_size
4a047e1c b symlinknest
4a047e20 B ext4fs_file
4a047e24 b part_info
4a047e28 B part_offset
4a047e2c b ext4fs_blk_desc
4a047e40 B get_contents_vfatname_block
4a049218 R __rel_dyn_end
4a049218 R _end
4a049218 R _image_binary_end
4a057e40 B do_fat_read_at_block
4a067e40 B get_dentfromdir_block
4a077e40 b empty_dentptr
4a077e44 b cur_part_info
4a077ebc b total_sector
4a077ec0 b dir_curclust
4a077ec4 b num_of_fats
4a077ec8 b cur_dev
4a077ecc b ret.8759
4a077ed0 b mono.8848
4a077ed8 b entry_count
4a077edc b app_gd
4a077ee0 b nesting_level
4a077ee4 b efi_gd
4a077ee8 b efi_events
4a078168 b console_timer_event
4a07816c b console_size_queried
4a078170 b rs
4a078174 b bs
4a078178 b new_rx_packet
4a07817c b wait_for_packet
4a078180 b network_timer_event
4a078184 b dhcp_ack
4a078188 b new_tx_packet
4a07818c B errno
4a078190 b local.7283
4a0781a6 b arp_tx_packet_buf
4a0787e8 B arp_wait_packet_ethaddr
4a0787ec b arp_tx_packet
4a0787f0 B arp_wait_tx_packet_size
4a0787f4 B arp_wait_try
4a0787f8 b net_arp_wait_reply_ip
4a0787fc B net_arp_wait_packet_ip
4a078800 B arp_wait_timer_start
4a078804 b dhcp_state
4a078808 B net_hostname
4a078828 B bootp_timeout
4a07882c b dhcp_server_ip
4a078830 b dhcp_option_overload
4a078834 b time_taken_max
4a078838 B net_root_path
4a078878 B bootp_ids
4a078888 B bootp_num_ids
4a07888c B bootp_try
4a078890 B bootp_start
4a078894 b dhcp_leasetime
4a078898 B net_nis_domain
4a0788b8 b eth_errno
4a0788bc b env_changed_id.9500
4a0788c0 b act.9499
4a0788c4 b first_failed.9494
4a0788c8 B net_ethaddr
4a0788d0 B net_dns_server
4a0788d4 B net_state
4a0788d8 B net_server_ip
4a0788dc B net_rx_packet
4a0788e0 B net_boot_file_expected_size_in_blocks
4a0788e4 B net_rx_packets
4a0788f4 b time_start
4a0788f8 b time_start
4a0788fc B net_gateway
4a078900 B net_boot_file_name
4a078d00 b udp_packet_handler
4a078d04 b net_dev_exists
4a078d08 b net_try_count
4a078d0c B net_server_ethaddr
4a078d12 B net_null_ethaddr
4a078d18 b net_ip_id
4a078d1c B net_restart_wrap
4a078d20 B net_busy_flag
4a078d24 b net_restarted
4a078d28 b time_delta
4a078d2c b arp_packet_handler
4a078d30 B net_netmask
4a078d34 b net_pkt_buf
4a07ab74 B net_ip
4a07ab78 B net_rx_packet_len
4a07ab7c B net_tx_packet
4a07ab80 b time_handler
4a07ab84 B push_packet
4a07ab88 B net_boot_file_size
4a07ab8c b nfs_server_mount_port
4a07ab90 b nfs_server_ip
4a07ab94 b nfs_filename
4a07ab98 b nfs_state
4a07ab9c b filefh3_length
4a07aba0 b dirfh
4a07abc0 b rpc_id
4a07abc4 b fs_mounted
4a07abc8 b nfs_len
4a07abcc b nfs_server_port
4a07abd0 b nfs_download_state
4a07abd4 b nfs_path
4a07abd8 b nfs_path_buff
4a07b3d8 b nfs_timeout_count
4a07b3dc b filefh
4a07b41c b nfs_our_port
4a07b420 B net_ping_ip
4a07b424 b ping_seq_number
4a07b428 b tftp_prev_block
4a07b42c b timeout_count
4a07b430 b tftp_block_wrap
4a07b434 b default_filename
4a07b444 b tftp_remote_port
4a07b448 b tftp_cur_block
4a07b44c b tftp_remote_ip
4a07b450 b tftp_state
4a07b454 b tftp_our_port
4a07b458 b tftp_filename
4a07b4d8 b tftp_block_wrap_offset
4a07b4dc B __bss_end
4a07b4dc B __bss_limit
