Archive member included to satisfy reference by file (symbol)

arch/arm/lib/lib.a(ashldi3.o)
                              drivers/built-in.o (__aeabi_llsl)
arch/arm/lib/lib.a(lib1funcs.o)
                              arch/arm/mach-sunxi/built-in.o (__aeabi_uidiv)
arch/arm/lib/lib.a(lshrdi3.o)
                              fs/built-in.o (__aeabi_llsr)
arch/arm/lib/lib.a(div0.o)    arch/arm/lib/lib.a(lib1funcs.o) (__div0)

Discarded input sections

 .data          0x0000000000000000        0x0 arch/arm/cpu/armv7/start.o
 .bss           0x0000000000000000        0x0 arch/arm/cpu/armv7/start.o
 .text.mmu_page_table_flush
                0x0000000000000000       0x1e arch/arm/cpu/armv7/built-in.o
 .text.v7_outer_cache_inval_range
                0x0000000000000000        0x2 arch/arm/cpu/armv7/built-in.o
 .text.invalidate_dcache_range
                0x0000000000000000       0x40 arch/arm/cpu/armv7/built-in.o
 .text.v7_arch_cp15_set_l2aux_ctrl
                0x0000000000000000        0x6 arch/arm/cpu/armv7/built-in.o
 .text.v7_arch_cp15_set_acr
                0x0000000000000000        0x6 arch/arm/cpu/armv7/built-in.o
 .text.wait_on_value
                0x0000000000000000       0x1e arch/arm/cpu/armv7/built-in.o
 .text.s_init   0x0000000000000000        0x4 arch/arm/cpu/armv7/built-in.o
 .text.protect_secure_section
                0x0000000000000000        0x2 arch/arm/cpu/armv7/built-in.o
 .text.smp_kick_all_cpus
                0x0000000000000000       0x18 arch/arm/cpu/armv7/built-in.o
 .data          0x0000000000000000        0x0 arch/arm/cpu/armv7/built-in.o
 .bss           0x0000000000000000        0x0 arch/arm/cpu/armv7/built-in.o
 .text.enable_caches
                0x0000000000000000        0xc arch/arm/lib/built-in.o
 .text.invalidate_dcache_range
                0x0000000000000000        0x2 arch/arm/lib/built-in.o
 .text.flush_dcache_range
                0x0000000000000000        0x2 arch/arm/lib/built-in.o
 .text.flush_dcache_all
                0x0000000000000000        0xa arch/arm/lib/built-in.o
 .text.invalidate_l2_cache
                0x0000000000000000        0xc arch/arm/lib/built-in.o
 .text.arm_init_before_mmu
                0x0000000000000000        0x2 arch/arm/lib/built-in.o
 .text.mmu_page_table_flush
                0x0000000000000000        0x2 arch/arm/lib/built-in.o
 .text.mmu_set_region_dcache_behaviour
                0x0000000000000000       0x44 arch/arm/lib/built-in.o
 .text.icache_status
                0x0000000000000000        0xa arch/arm/lib/built-in.o
 .data          0x0000000000000000        0x0 arch/arm/lib/built-in.o
 .bss           0x0000000000000000        0x0 arch/arm/lib/built-in.o
 .text          0x0000000000000000        0x0 arch/arm/mach-sunxi/built-in.o
 .text.gtbus_init
                0x0000000000000000        0x2 arch/arm/mach-sunxi/built-in.o
 .text.mctl_await_completion
                0x0000000000000000       0x34 arch/arm/mach-sunxi/built-in.o
 .text.mctl_mem_matches
                0x0000000000000000       0x34 arch/arm/mach-sunxi/built-in.o
 .text.sunxi_gpio_get_cfgpin
                0x0000000000000000       0x24 arch/arm/mach-sunxi/built-in.o
 .text.sunxi_usb_phy_enable_squelch_detect
                0x0000000000000000       0x74 arch/arm/mach-sunxi/built-in.o
 .text.sunxi_usb_phy_init
                0x0000000000000000       0x60 arch/arm/mach-sunxi/built-in.o
 .text.sunxi_usb_phy_exit
                0x0000000000000000       0x40 arch/arm/mach-sunxi/built-in.o
 .text.sunxi_usb_phy_power_on
                0x0000000000000000       0x48 arch/arm/mach-sunxi/built-in.o
 .text.sunxi_usb_phy_power_off
                0x0000000000000000       0x20 arch/arm/mach-sunxi/built-in.o
 .text.sunxi_usb_phy_vbus_detect
                0x0000000000000000       0x40 arch/arm/mach-sunxi/built-in.o
 .text.sunxi_usb_phy_id_detect
                0x0000000000000000       0x18 arch/arm/mach-sunxi/built-in.o
 .text.sunxi_usb_phy_remove
                0x0000000000000000       0x40 arch/arm/mach-sunxi/built-in.o
 .text.rsb_await_trans
                0x0000000000000000       0x4c arch/arm/mach-sunxi/built-in.o
 .text.rsb_do_trans
                0x0000000000000000       0x14 arch/arm/mach-sunxi/built-in.o
 .text.rsb_init
                0x0000000000000000       0x9c arch/arm/mach-sunxi/built-in.o
 .text.rsb_set_device_address
                0x0000000000000000       0x20 arch/arm/mach-sunxi/built-in.o
 .text.rsb_write
                0x0000000000000000       0x2c arch/arm/mach-sunxi/built-in.o
 .text.rsb_read
                0x0000000000000000       0x38 arch/arm/mach-sunxi/built-in.o
 .text.clock_set_pll3
                0x0000000000000000       0x38 arch/arm/mach-sunxi/built-in.o
 .text.clock_set_pll3_factors
                0x0000000000000000       0x2c arch/arm/mach-sunxi/built-in.o
 .text.clock_set_pll5
                0x0000000000000000       0xac arch/arm/mach-sunxi/built-in.o
 .text.clock_set_pll10
[...]
Memory Configuration

Name             Origin             Length             Attributes
*default*        0x0000000000000000 0xffffffffffffffff

Linker script and memory map

Address of section .text set to 0x4a000000
                0x0000000000000000                . = 0x0
                0x0000000000000000                . = ALIGN (0x4)

.text           0x000000004a000000    0x2a6c0
 *(.__image_copy_start)
 .__image_copy_start
                0x000000004a000000        0x0 arch/arm/lib/built-in.o
                0x000000004a000000                __image_copy_start
 *(.vectors)
 .vectors       0x000000004a000000      0x300 arch/arm/lib/built-in.o
                0x000000004a000000                _start
                0x000000004a000020                _undefined_instruction
                0x000000004a000024                _software_interrupt
                0x000000004a000028                _prefetch_abort
                0x000000004a00002c                _data_abort
                0x000000004a000030                _not_used
                0x000000004a000034                _irq
                0x000000004a000038                _fiq
                0x000000004a000040                IRQ_STACK_START_IN
 arch/arm/cpu/armv7/start.o(.text*)
 .text          0x000000004a000300       0xb0 arch/arm/cpu/armv7/start.o
                0x000000004a000300                reset
                0x000000004a000304                save_boot_params_ret
                0x000000004a000340                c_runtime_cpu_setup
                0x000000004a000350                save_boot_params
                0x000000004a000354                cpu_init_cp15
                0x000000004a0003a8                cpu_init_crit
 *(.text*)
 .text          0x000000004a0003b0      0x158 arch/arm/cpu/armv7/built-in.o
                0x000000004a0003b0                __v7_flush_dcache_all
                0x000000004a00044c                v7_flush_dcache_all
                0x000000004a00045c                __v7_invalidate_dcache_all
                0x000000004a0004f8                v7_invalidate_dcache_all
 .text.invalidate_icache_all
                0x000000004a000508       0x14 arch/arm/cpu/armv7/built-in.o
                0x000000004a000508                invalidate_icache_all
 .text.v7_outer_cache_enable
                0x000000004a00051c        0x2 arch/arm/cpu/armv7/built-in.o
                0x000000004a00051c                v7_outer_cache_enable
 .text.v7_outer_cache_disable
                0x000000004a00051e        0x2 arch/arm/cpu/armv7/built-in.o
                0x000000004a00051e                v7_outer_cache_disable
 .text.v7_outer_cache_flush_all
                0x000000004a000520        0x2 arch/arm/cpu/armv7/built-in.o
                0x000000004a000520                v7_outer_cache_flush_all
 .text.flush_dcache_all
                0x000000004a000522        0xe arch/arm/cpu/armv7/built-in.o
                0x000000004a000522                flush_dcache_all
 .text.v7_outer_cache_inval_all
                0x000000004a000530        0x2 arch/arm/cpu/armv7/built-in.o
                0x000000004a000530                v7_outer_cache_inval_all
 .text.invalidate_dcache_all
                0x000000004a000532        0xe arch/arm/cpu/armv7/built-in.o
                0x000000004a000532                invalidate_dcache_all
 .text.arm_init_before_mmu
                0x000000004a000540       0x22 arch/arm/cpu/armv7/built-in.o
                0x000000004a000540                arm_init_before_mmu
 .text.v7_outer_cache_flush_range
                0x000000004a000562        0x2 arch/arm/cpu/armv7/built-in.o
                0x000000004a000562                v7_outer_cache_flush_range
 .text.flush_dcache_range
                0x000000004a000564       0x38 arch/arm/cpu/armv7/built-in.o
                0x000000004a000564                flush_dcache_range
 .text.cpu_cache_initialization
                0x000000004a00059c        0x2 arch/arm/cpu/armv7/built-in.o
                0x000000004a00059c                cpu_cache_initialization
 .text.cleanup_before_linux_select
                0x000000004a00059e       0x3e arch/arm/cpu/armv7/built-in.o
                0x000000004a00059e                cleanup_before_linux_select
 .text.cleanup_before_linux
                0x000000004a0005dc        0x6 arch/arm/cpu/armv7/built-in.o
                0x000000004a0005dc                cleanup_before_linux
 .text.sdelay   0x000000004a0005e2        0x6 arch/arm/cpu/armv7/built-in.o
                0x000000004a0005e2                sdelay
 .text.lowlevel_init
                0x000000004a0005e8       0x24 arch/arm/cpu/armv7/built-in.o
                0x000000004a0005e8                lowlevel_init
 .text.get_gicd_base_address
                0x000000004a00060c       0x2c arch/arm/cpu/armv7/built-in.o
 .text.psci_board_init
                0x000000004a000638        0x2 arch/arm/cpu/armv7/built-in.o
                0x000000004a000638                psci_board_init
 *fill*         0x000000004a00063a        0x2 
 .text.armv7_init_nonsec
                0x000000004a00063c       0x64 arch/arm/cpu/armv7/built-in.o
                0x000000004a00063c                armv7_init_nonsec
 .text.armv7_apply_memory_carveout
                0x000000004a0006a0        0x4 arch/arm/cpu/armv7/built-in.o
                0x000000004a0006a0                armv7_apply_memory_carveout
 .text.psci_update_dt
                0x000000004a0006a4       0x38 arch/arm/cpu/armv7/built-in.o
                0x000000004a0006a4                psci_update_dt
 .text.timer_init
                0x000000004a0006dc       0x1c arch/arm/cpu/armv7/built-in.o
                0x000000004a0006dc                timer_init
 .text.get_timer_masked
                0x000000004a0006f8       0x54 arch/arm/cpu/armv7/built-in.o
                0x000000004a0006f8                get_timer_masked
 .text.get_timer
                0x000000004a00074c        0xc arch/arm/cpu/armv7/built-in.o
                0x000000004a00074c                get_timer
 .text.__udelay
                0x000000004a000758       0x38 arch/arm/cpu/armv7/built-in.o
                0x000000004a000758                __udelay
 .text.get_ticks
                0x000000004a000790        0xa arch/arm/cpu/armv7/built-in.o
                0x000000004a000790                get_ticks
 .text.get_tbclk
                0x000000004a00079a        0x6 arch/arm/cpu/armv7/built-in.o
                0x000000004a00079a                get_tbclk
 .text.tzpc_init
                0x000000004a0007a0       0x20 arch/arm/cpu/armv7/built-in.o
                0x000000004a0007a0                tzpc_init
 .text          0x000000004a0007c0      0x420 arch/arm/lib/built-in.o
                0x000000004a0007c0                _main
                0x000000004a000860                memset
                0x000000004a000900                memcpy
 .text.relocate_vectors
                0x000000004a000be0       0x70 arch/arm/lib/built-in.o
                0x000000004a000be0                relocate_vectors
                0x000000004a000bec                relocate_code
 .text.arch_fixup_fdt
                0x000000004a000c50       0x38 arch/arm/lib/built-in.o
                0x000000004a000c50                arch_fixup_fdt
 .text.arch_lmb_reserve
                0x000000004a000c88       0x20 arch/arm/lib/built-in.o
                0x000000004a000c88                arch_lmb_reserve
 .text.board_quiesce_devices
                0x000000004a000ca8        0x2 arch/arm/lib/built-in.o
                0x000000004a000ca8                board_quiesce_devices
 .text.setup_board_tags
                0x000000004a000caa        0x2 arch/arm/lib/built-in.o
                0x000000004a000caa                setup_board_tags
 .text.boot_prep_linux
                0x000000004a000cac      0x134 arch/arm/lib/built-in.o
 .text.armv7_boot_nonsec_default
                0x000000004a000de0        0x4 arch/arm/lib/built-in.o
                0x000000004a000de0                armv7_boot_nonsec_default
 .text.armv7_boot_nonsec
                0x000000004a000de4       0x40 arch/arm/lib/built-in.o
                0x000000004a000de4                armv7_boot_nonsec
 .text.boot_jump_linux
                0x000000004a000e24       0xa4 arch/arm/lib/built-in.o
 .text.do_bootm_linux
                0x000000004a000ec8       0x40 arch/arm/lib/built-in.o
                0x000000004a000ec8                do_bootm_linux
 .text.boot_prep_vxworks
                0x000000004a000f08       0x30 arch/arm/lib/built-in.o
                0x000000004a000f08                boot_prep_vxworks
 .text.boot_jump_vxworks
                0x000000004a000f38        0x6 arch/arm/lib/built-in.o
                0x000000004a000f38                boot_jump_vxworks
 *fill*         0x000000004a000f3e        0x2 
 .text.bootz_setup
                0x000000004a000f40       0x6c arch/arm/lib/built-in.o
                0x000000004a000f40                bootz_setup
 .text.arch_reserve_stacks
                0x000000004a000fac       0x16 arch/arm/lib/built-in.o
                0x000000004a000fac                arch_reserve_stacks
 *fill*         0x000000004a000fc2        0x2 
 .text.interrupt_init
                0x000000004a000fc4       0x14 arch/arm/lib/built-in.o
                0x000000004a000fc4                interrupt_init
 .text.enable_interrupts
                0x000000004a000fd8        0x2 arch/arm/lib/built-in.o
                0x000000004a000fd8                enable_interrupts
 .text.disable_interrupts
                0x000000004a000fda        0x4 arch/arm/lib/built-in.o
                0x000000004a000fda                disable_interrupts
 *fill*         0x000000004a000fde        0x2 
 .text.bad_mode
                0x000000004a000fe0        0xc arch/arm/lib/built-in.o
                0x000000004a000fe0                bad_mode
 .text.show_regs
                0x000000004a000fec      0x108 arch/arm/lib/built-in.o
                0x000000004a000fec                show_regs
 .text.do_undefined_instruction
                0x000000004a0010f4       0x24 arch/arm/lib/built-in.o
                0x000000004a0010f4                do_undefined_instruction
 .text.do_software_interrupt
                0x000000004a001118       0x24 arch/arm/lib/built-in.o
                0x000000004a001118                do_software_interrupt
 .text.do_prefetch_abort
                0x000000004a00113c       0x24 arch/arm/lib/built-in.o
                0x000000004a00113c                do_prefetch_abort
 .text.do_data_abort
                0x000000004a001160       0x24 arch/arm/lib/built-in.o
                0x000000004a001160                do_data_abort
 .text.do_not_used
                0x000000004a001184       0x24 arch/arm/lib/built-in.o
                0x000000004a001184                do_not_used
 .text.do_fiq   0x000000004a0011a8       0x24 arch/arm/lib/built-in.o
                0x000000004a0011a8                do_fiq
 .text.do_irq   0x000000004a0011cc       0x24 arch/arm/lib/built-in.o
                0x000000004a0011cc                do_irq
 .text.reset_misc
                0x000000004a0011f0        0x2 arch/arm/lib/built-in.o
                0x000000004a0011f0                reset_misc
 *fill*         0x000000004a0011f2        0x2 
 .text.do_reset
                0x000000004a0011f4       0x28 arch/arm/lib/built-in.o
                0x000000004a0011f4                do_reset
 .text.flush_cache
                0x000000004a00121c        0x6 arch/arm/lib/built-in.o
                0x000000004a00121c                flush_cache
 *fill*         0x000000004a001222        0x2 
 .text.check_cache_range
                0x000000004a001224       0x24 arch/arm/lib/built-in.o
                0x000000004a001224                check_cache_range
 .text.arm_init_domains
                0x000000004a001248        0x2 arch/arm/lib/built-in.o
                0x000000004a001248                arm_init_domains
 .text.set_section_dcache
                0x000000004a00124a       0x12 arch/arm/lib/built-in.o
                0x000000004a00124a                set_section_dcache
 .text.dram_bank_mmu_setup
                0x000000004a00125c       0x2a arch/arm/lib/built-in.o
                0x000000004a00125c                dram_bank_mmu_setup
 .text.icache_enable
                0x000000004a001286       0x12 arch/arm/lib/built-in.o
                0x000000004a001286                icache_enable
 .text.icache_disable
                0x000000004a001298       0x16 arch/arm/lib/built-in.o
                0x000000004a001298                icache_disable
 .text.dcache_enable
                0x000000004a0012ae       0x6e arch/arm/lib/built-in.o
                0x000000004a0012ae                dcache_enable
 .text.dcache_disable
                0x000000004a00131c       0x20 arch/arm/lib/built-in.o
                0x000000004a00131c                dcache_disable
 .text.dcache_status
                0x000000004a00133c        0xa arch/arm/lib/built-in.o
                0x000000004a00133c                dcache_status
 *fill*         0x000000004a001346        0x2 
 .text.fdt_psci
                0x000000004a001348      0x168 arch/arm/lib/built-in.o
                0x000000004a001348                fdt_psci
 .text.s_init   0x000000004a0014b0       0x54 arch/arm/mach-sunxi/built-in.o
                0x000000004a0014b0                s_init
 .text.sunxi_get_boot_device
                0x000000004a001504       0x48 arch/arm/mach-sunxi/built-in.o
                0x000000004a001504                sunxi_get_boot_device
 .text.reset_cpu
                0x000000004a00154c       0x20 arch/arm/mach-sunxi/built-in.o
                0x000000004a00154c                reset_cpu
 .text.enable_caches
                0x000000004a00156c        0x4 arch/arm/mach-sunxi/built-in.o
                0x000000004a00156c                enable_caches
 .text.clock_init_sec
                0x000000004a001570       0x24 arch/arm/mach-sunxi/built-in.o
                0x000000004a001574                clock_init_sec
 .text.clock_init
                0x000000004a001594        0xe arch/arm/mach-sunxi/built-in.o
                0x000000004a001594                clock_init
 *fill*         0x000000004a0015a2        0x2 
 .text.clock_twi_onoff
                0x000000004a0015a4       0x4c arch/arm/mach-sunxi/built-in.o
                0x000000004a0015a4                clock_twi_onoff
 .text.sunxi_get_sram_id
                0x000000004a0015f0       0x20 arch/arm/mach-sunxi/built-in.o
                0x000000004a0015f0                sunxi_get_sram_id
 .text.print_cpuinfo
                0x000000004a001610       0x18 arch/arm/mach-sunxi/built-in.o
                0x000000004a001610                print_cpuinfo
 .text.sun8i_efuse_read
                0x000000004a001628       0x5c arch/arm/mach-sunxi/built-in.o
                0x000000004a001628                sun8i_efuse_read
 .text.sunxi_get_sid
                0x000000004a001684       0x18 arch/arm/mach-sunxi/built-in.o
                0x000000004a001684                sunxi_get_sid
 .text.sunxi_gpio_set_cfgbank
                0x000000004a00169c       0x22 arch/arm/mach-sunxi/built-in.o
                0x000000004a00169c                sunxi_gpio_set_cfgbank
 *fill*         0x000000004a0016be        0x2 
 .text.sunxi_gpio_set_cfgpin
                0x000000004a0016c0       0x30 arch/arm/mach-sunxi/built-in.o
                0x000000004a0016c0                sunxi_gpio_set_cfgpin
 .text.sunxi_gpio_get_cfgbank
                0x000000004a0016f0       0x1a arch/arm/mach-sunxi/built-in.o
                0x000000004a0016f0                sunxi_gpio_get_cfgbank
 *fill*         0x000000004a00170a        0x2 
 .text.sunxi_gpio_set_drv
                0x000000004a00170c       0x44 arch/arm/mach-sunxi/built-in.o
                0x000000004a00170c                sunxi_gpio_set_drv
 .text.sunxi_gpio_set_pull
                0x000000004a001750       0x44 arch/arm/mach-sunxi/built-in.o
                0x000000004a001750                sunxi_gpio_set_pull
 .text.sunxi_usb_phy_probe
                0x000000004a001794       0xa4 arch/arm/mach-sunxi/built-in.o
                0x000000004a001794                sunxi_usb_phy_probe
 .text.prcm_apb0_enable
                0x000000004a001838       0x18 arch/arm/mach-sunxi/built-in.o
                0x000000004a001838                prcm_apb0_enable
 .text.prcm_apb0_disable
                0x000000004a001850       0x1c arch/arm/mach-sunxi/built-in.o
                0x000000004a001850                prcm_apb0_disable
 .text.clock_init_uart
                0x000000004a00186c       0x2c arch/arm/mach-sunxi/built-in.o
                0x000000004a00186c                clock_init_uart
 .text.clock_set_pll1
                0x000000004a001898       0x6c arch/arm/mach-sunxi/built-in.o
                0x000000004a001898                clock_set_pll1
 .text.clock_get_pll1
                0x000000004a001904       0x24 arch/arm/mach-sunxi/built-in.o
                0x000000004a001904                clock_get_pll1
 .text.clock_get_pll6
                0x000000004a001928       0x28 arch/arm/mach-sunxi/built-in.o
                0x000000004a001928                clock_get_pll6
 .text.setup_environment
                0x000000004a001950      0x14c board/sunxi/built-in.o
 .text.i2c_init_board
                0x000000004a001a9c       0x22 board/sunxi/built-in.o
                0x000000004a001a9c                i2c_init_board
 *fill*         0x000000004a001abe        0x2 
 .text.board_init
                0x000000004a001ac0      0x1c0 board/sunxi/built-in.o
                0x000000004a001ac0                board_init
 .text.dram_init
                0x000000004a001c80       0x16 board/sunxi/built-in.o
                0x000000004a001c80                dram_init
 *fill*         0x000000004a001c96        0x2 
 .text.board_mmc_init
                0x000000004a001c98       0xb8 board/sunxi/built-in.o
                0x000000004a001c98                board_mmc_init
 .text.get_board_serial
                0x000000004a001d50       0x24 board/sunxi/built-in.o
                0x000000004a001d50                get_board_serial
 .text.misc_init_r
                0x000000004a001d74       0xb4 board/sunxi/built-in.o
                0x000000004a001d74                misc_init_r
 .text.ft_board_setup
                0x000000004a001e28        0xa board/sunxi/built-in.o
                0x000000004a001e28                ft_board_setup
 .text.do_go_exec
                0x000000004a001e32        0x8 cmd/built-in.o
                0x000000004a001e32                do_go_exec
 *fill*         0x000000004a001e3a        0x2 
 .text.do_go    0x000000004a001e3c       0x4c cmd/built-in.o
 .text.do_bootm
                0x000000004a001e88       0xa8 cmd/built-in.o
                0x000000004a001e88                do_bootm
 .text.do_bootd
                0x000000004a001f30       0x18 cmd/built-in.o
                0x000000004a001f30                do_bootd
 .text.image_info
                0x000000004a001f48       0x8c cmd/built-in.o
 .text.do_iminfo
                0x000000004a001fd4       0x40 cmd/built-in.o
 .text.bootm_maybe_autostart
                0x000000004a002014       0x4c cmd/built-in.o
                0x000000004a002014                bootm_maybe_autostart
 .text.do_help  0x000000004a002060       0x30 cmd/built-in.o
 .text.do_version
                0x000000004a002090       0x30 cmd/built-in.o
 .text.blk_common_cmd
                0x000000004a0020c0      0x1e8 cmd/built-in.o
                0x000000004a0020c0                blk_common_cmd
 .text.source   0x000000004a0022a8       0x90 cmd/built-in.o
                0x000000004a0022a8                source
 .text.do_source
                0x000000004a002338       0x30 cmd/built-in.o
 .text.print_num
                0x000000004a002368       0x10 cmd/built-in.o
 .text.do_bdinfo
                0x000000004a002378       0xc4 cmd/built-in.o
 .text.efi_init_obj_list
                0x000000004a00243c       0x28 cmd/built-in.o
 .text.do_bootefi_exec
                0x000000004a002464      0x27c cmd/built-in.o
 .text.do_bootefi
                0x000000004a0026e0       0xc8 cmd/built-in.o
 .text.efi_set_bootdev
                0x000000004a0027a8       0xb4 cmd/built-in.o
                0x000000004a0027a8                efi_set_bootdev
 .text.do_bootz
                0x000000004a00285c       0x9c cmd/built-in.o
                0x000000004a00285c                do_bootz
 .text.do_coninfo
                0x000000004a0028f8       0x84 cmd/built-in.o
 .text.do_echo  0x000000004a00297c       0x70 cmd/built-in.o
 .text.load_elf_image_shdr
                0x000000004a0029ec       0x4a cmd/built-in.o
 *fill*         0x000000004a002a36        0x2 
 .text.valid_elf_image
                0x000000004a002a38       0x30 cmd/built-in.o
                0x000000004a002a38                valid_elf_image
 .text.do_bootelf
                0x000000004a002a68      0x114 cmd/built-in.o
                0x000000004a002a68                do_bootelf
 .text.do_bootvx
                0x000000004a002b7c      0x238 cmd/built-in.o
                0x000000004a002b7c                do_bootvx
 .text.do_exit  0x000000004a002db4       0x1e cmd/built-in.o
 .text.do_ext4_size
                0x000000004a002dd2        0xe cmd/built-in.o
                0x000000004a002dd2                do_ext4_size
 .text.do_ext4_load
                0x000000004a002de0        0xe cmd/built-in.o
                0x000000004a002de0                do_ext4_load
 .text.do_ext4_ls
                0x000000004a002dee        0xe cmd/built-in.o
                0x000000004a002dee                do_ext4_ls
 .text.do_ext2load
                0x000000004a002dfc        0xe cmd/built-in.o
                0x000000004a002dfc                do_ext2load
 .text.do_ext2ls
                0x000000004a002e0a        0xe cmd/built-in.o
 .text.do_fat_size
                0x000000004a002e18        0xe cmd/built-in.o
                0x000000004a002e18                do_fat_size
 .text.do_fat_fsload
                0x000000004a002e26        0xe cmd/built-in.o
                0x000000004a002e26                do_fat_fsload
 .text.do_fat_ls
                0x000000004a002e34        0xe cmd/built-in.o
 *fill*         0x000000004a002e42        0x2 
 .text.do_fat_fsinfo
                0x000000004a002e44       0x58 cmd/built-in.o
 .text.do_fat_fswrite
                0x000000004a002e9c       0xc0 cmd/built-in.o
 .text.fdt_valid
                0x000000004a002f5c       0x74 cmd/built-in.o
 .text.is_printable_string
                0x000000004a002fd0       0x48 cmd/built-in.o
 .text.print_data
                0x000000004a003018      0x104 cmd/built-in.o
 .text.set_working_fdt_addr
                0x000000004a00311c       0x14 cmd/built-in.o
                0x000000004a00311c                set_working_fdt_addr
 .text.do_fdt   0x000000004a003130      0xa84 cmd/built-in.o
 .text.do_size_wrapper
                0x000000004a003bb4        0xe cmd/built-in.o
 *fill*         0x000000004a003bc2        0x2 
 .text.do_load_wrapper
                0x000000004a003bc4       0x40 cmd/built-in.o
 .text.do_save_wrapper
                0x000000004a003c04        0xe cmd/built-in.o
 .text.do_ls_wrapper
                0x000000004a003c12        0xe cmd/built-in.o
 .text.do_fstype_wrapper
                0x000000004a003c20        0x4 cmd/built-in.o
 .text.gpio_get_description
                0x000000004a003c24       0x78 cmd/built-in.o
 .text.do_gpio  0x000000004a003c9c      0x214 cmd/built-in.o
 .text.do_i2c   0x000000004a003eb0       0x3c cmd/built-in.o
 .text.show_bus
                0x000000004a003eec       0x64 cmd/built-in.o
 .text.i2c_get_cur_bus
                0x000000004a003f50       0x4c cmd/built-in.o
 .text.i2c_get_cur_bus_chip
                0x000000004a003f9c       0x1e cmd/built-in.o
 *fill*         0x000000004a003fba        0x2 
 .text.do_i2c_bus_speed
                0x000000004a003fbc       0x64 cmd/built-in.o
 .text.do_i2c_reset
                0x000000004a004020       0x24 cmd/built-in.o
 .text.do_i2c_probe
                0x000000004a004044       0x70 cmd/built-in.o
 .text.do_i2c_show_bus
                0x000000004a0040b4       0x6c cmd/built-in.o
 .text.get_alen.constprop.5
                0x000000004a004120       0x1e cmd/built-in.o
 *fill*         0x000000004a00413e        0x2 
 .text.do_i2c_read
                0x000000004a004140       0x94 cmd/built-in.o
 .text.do_i2c_flags
                0x000000004a0041d4       0x7c cmd/built-in.o
 .text.do_i2c_olen
                0x000000004a004250       0x78 cmd/built-in.o
 .text.do_i2c_md
                0x000000004a0042c8      0x15c cmd/built-in.o
 .text.do_i2c_mw
                0x000000004a004424       0xbc cmd/built-in.o
 .text.do_i2c_crc
                0x000000004a0044e0       0xd8 cmd/built-in.o
 .text.do_edid  0x000000004a0045b8       0x68 cmd/built-in.o
                0x000000004a0045b8                do_edid
 .text.do_i2c_write
                0x000000004a004620      0x104 cmd/built-in.o
 .text.mod_i2c_mem.isra.3
                0x000000004a004724      0x178 cmd/built-in.o
 .text.do_i2c_nm
                0x000000004a00489c        0x6 cmd/built-in.o
 .text.do_i2c_mm
                0x000000004a0048a2        0x6 cmd/built-in.o
 .text.do_i2c_loop
                0x000000004a0048a8       0xb8 cmd/built-in.o
 .text.do_i2c_bus_num
                0x000000004a004960       0x70 cmd/built-in.o
 .text.evalexp  0x000000004a0049d0       0x48 cmd/built-in.o
 .text.evalstr  0x000000004a004a18       0x3c cmd/built-in.o
 .text.binary_test
                0x000000004a004a54      0x104 cmd/built-in.o
 .text.do_itest
                0x000000004a004b58       0x54 cmd/built-in.o
 .text.bin_data_init
                0x000000004a004bac       0x1c cmd/built-in.o
 .text.k_data_save
                0x000000004a004bc8       0x34 cmd/built-in.o
 .text.k_data_restore
                0x000000004a004bfc       0x34 cmd/built-in.o
 .text.getcxmodem
                0x000000004a004c30       0x16 cmd/built-in.o
 *fill*         0x000000004a004c46        0x2 
 .text.load_serial_ymodem
                0x000000004a004c48       0x8c cmd/built-in.o
 .text.bin_data_char
                0x000000004a004cd4       0x1c cmd/built-in.o
 .text.chk1.constprop.1
                0x000000004a004cf0       0x20 cmd/built-in.o
 .text.s1_sendpacket.constprop.2
                0x000000004a004d10       0x34 cmd/built-in.o
 .text.load_serial
                0x000000004a004d44      0x128 cmd/built-in.o
 .text.do_load_serial
                0x000000004a004e6c       0x90 cmd/built-in.o
 .text.do_load_serial_bin
                0x000000004a004efc      0x52c cmd/built-in.o
 .text.do_mem_mw
                0x000000004a005428       0x80 cmd/built-in.o
 .text.do_mem_loop
                0x000000004a0054a8       0x82 cmd/built-in.o
 *fill*         0x000000004a00552a        0x2 
 .text.do_mem_md
                0x000000004a00552c       0xa4 cmd/built-in.o
 .text.do_mem_cmp
                0x000000004a0055d0       0xf0 cmd/built-in.o
 .text.do_mem_base
                0x000000004a0056c0       0x28 cmd/built-in.o
 .text.do_mem_cp
                0x000000004a0056e8       0x74 cmd/built-in.o
 .text.do_mem_crc
                0x000000004a00575c       0x2c cmd/built-in.o
 .text.do_mem_mtest
                0x000000004a005788      0x16c cmd/built-in.o
 .text.mod_mem.isra.2
                0x000000004a0058f4       0xf4 cmd/built-in.o
 .text.do_mem_mm
                0x000000004a0059e8        0x6 cmd/built-in.o
 .text.do_mem_nm
                0x000000004a0059ee        0x6 cmd/built-in.o
 .text.board_show_dram
                0x000000004a0059f4       0x20 cmd/built-in.o
                0x000000004a0059f4                board_show_dram
 .text.do_mem_info
                0x000000004a005a14        0xe cmd/built-in.o
 .text.extract_range
                0x000000004a005a22       0x30 cmd/built-in.o
 *fill*         0x000000004a005a52        0x2 
 .text.do_mii   0x000000004a005a54      0x610 cmd/built-in.o
 .text.do_sleep
                0x000000004a006064       0x88 cmd/built-in.o
 .text.do_mmcops
                0x000000004a0060ec       0x78 cmd/built-in.o
 .text.init_mmc_device
                0x000000004a006164       0x34 cmd/built-in.o
 .text.do_mmc_rescan
                0x000000004a006198       0x18 cmd/built-in.o
 .text.do_mmc_hwpartition
                0x000000004a0061b0      0x3a0 cmd/built-in.o
 .text.do_mmc_list
                0x000000004a006550        0xc cmd/built-in.o
 .text.do_mmc_dev
                0x000000004a00655c       0xcc cmd/built-in.o
 .text.do_mmc_read
                0x000000004a006628       0x98 cmd/built-in.o
 .text.do_mmc_part
                0x000000004a0066c0       0x38 cmd/built-in.o
 .text.do_mmc_erase
                0x000000004a0066f8       0xa0 cmd/built-in.o
 .text.do_mmc_write
                0x000000004a006798       0xb0 cmd/built-in.o
 .text.do_mmcinfo
                0x000000004a006848      0x28c cmd/built-in.o
 .text.do_mmc_setdsr
                0x000000004a006ad4       0x74 cmd/built-in.o
 .text.netboot_common
                0x000000004a006b48      0x1a8 cmd/built-in.o
 .text.do_bootp
                0x000000004a006cf0        0x8 cmd/built-in.o
 .text.do_dhcp  0x000000004a006cf8        0x8 cmd/built-in.o
 .text.do_nfs   0x000000004a006d00        0x8 cmd/built-in.o
 .text.do_tftpb
                0x000000004a006d08       0x26 cmd/built-in.o
                0x000000004a006d08                do_tftpb
 *fill*         0x000000004a006d2e        0x2 
 .text.do_ping  0x000000004a006d30       0x4c cmd/built-in.o
 .text.do_part_list
                0x000000004a006d7c       0xe8 cmd/built-in.o
 .text.do_part_start
                0x000000004a006e64       0x84 cmd/built-in.o
 .text.do_part_size
                0x000000004a006ee8       0x84 cmd/built-in.o
 .text.do_part  0x000000004a006f6c       0xb0 cmd/built-in.o
 .text.eol_or_eof
                0x000000004a00701c       0x12 cmd/built-in.o
 *fill*         0x000000004a00702e        0x2 
 .text.do_pxe   0x000000004a007030       0x44 cmd/built-in.o
 .text.label_print
                0x000000004a007074       0x14 cmd/built-in.o
 .text.do_get_tftp
                0x000000004a007088       0x2c cmd/built-in.o
 .text.from_env
                0x000000004a0070b4       0x1c cmd/built-in.o
 .text.get_string
                0x000000004a0070d0       0x7c cmd/built-in.o
 .text.label_destroy
                0x000000004a00714c       0x3e cmd/built-in.o
 .text.destroy_pxe_menu
                0x000000004a00718a       0x36 cmd/built-in.o
 .text.get_token
                0x000000004a0071c0       0xa4 cmd/built-in.o
 .text.parse_sliteral
                0x000000004a007264       0x34 cmd/built-in.o
 .text.parse_integer
                0x000000004a007298       0x44 cmd/built-in.o
 .text.do_get_any
                0x000000004a0072dc       0x2c cmd/built-in.o
 .text.do_get_fat
                0x000000004a007308       0x28 cmd/built-in.o
 .text.do_get_ext2
                0x000000004a007330       0x28 cmd/built-in.o
 .text.format_mac_pxe.constprop.9
                0x000000004a007358       0x54 cmd/built-in.o
 .text.get_relfile
                0x000000004a0073ac       0xcc cmd/built-in.o
 .text.get_pxe_file
                0x000000004a007478       0x3c cmd/built-in.o
 .text.handle_include
                0x000000004a0074b4       0x68 cmd/built-in.o
 .text.parse_pxefile_top
                0x000000004a00751c      0x310 cmd/built-in.o
 .text.parse_pxefile
                0x000000004a00782c       0x40 cmd/built-in.o
 .text.get_pxelinux_path
                0x000000004a00786c       0x54 cmd/built-in.o
 .text.do_pxe_get
                0x000000004a0078c0       0xe4 cmd/built-in.o
 .text.get_relfile_envaddr
                0x000000004a0079a4       0x34 cmd/built-in.o
 .text.label_boot
                0x000000004a0079d8      0x3b8 cmd/built-in.o
 .text.handle_pxe_menu
                0x000000004a007d90       0xd8 cmd/built-in.o
 .text.do_pxe_boot
                0x000000004a007e68       0x94 cmd/built-in.o
 .text.do_sysboot
                0x000000004a007efc      0x13c cmd/built-in.o
 .text.substitute
                0x000000004a008038       0x98 cmd/built-in.o
 .text.get_arg  0x000000004a0080d0       0x34 cmd/built-in.o
 .text.regex_sub
                0x000000004a008104      0x224 cmd/built-in.o
 .text.do_setexpr
                0x000000004a008328       0xe8 cmd/built-in.o
 .text.do_false
                0x000000004a008410        0x4 cmd/built-in.o
 .text.do_true  0x000000004a008414        0x4 cmd/built-in.o
 .text.do_test  0x000000004a008418      0x210 cmd/built-in.o
 .text.usb_get_class_desc
                0x000000004a008628       0x74 cmd/built-in.o
 .text.usb_display_class_sub
                0x000000004a00869c       0xf4 cmd/built-in.o
 .text.usb_display_desc
                0x000000004a008790       0xf0 cmd/built-in.o
 .text.usb_show_tree_graph
                0x000000004a008880      0x148 cmd/built-in.o
 .text.usb_show_subtree
                0x000000004a0089c8       0x1c cmd/built-in.o
 .text.usb_for_each_root_dev
                0x000000004a0089e4       0x38 cmd/built-in.o
 .text.usb_display_string
                0x000000004a008a1c       0x2c cmd/built-in.o
 .text.usb_display_config
                0x000000004a008a48      0x1a8 cmd/built-in.o
 .text.usb_show_info
                0x000000004a008bf0       0x36 cmd/built-in.o
 .text.usb_find_device
                0x000000004a008c26       0x62 cmd/built-in.o
 .text.do_usbboot
                0x000000004a008c88        0xc cmd/built-in.o
 .text.do_usb_start
                0x000000004a008c94       0x20 cmd/built-in.o
 .text.usb_show_tree
                0x000000004a008cb4        0xc cmd/built-in.o
                0x000000004a008cb4                usb_show_tree
 .text.do_usb   0x000000004a008cc0      0x2a8 cmd/built-in.o
 .text.common_diskboot
                0x000000004a008f68      0x178 cmd/built-in.o
                0x000000004a008f68                common_diskboot
 .text.do_imgextract
                0x000000004a0090e0      0x1b8 cmd/built-in.o
 .text.extract_val
                0x000000004a009298       0x58 cmd/built-in.o
 .text.extract_env
                0x000000004a0092f0       0xa0 cmd/built-in.o
 .text.set_gpt_info.isra.1.constprop.2
                0x000000004a009390      0x328 cmd/built-in.o
 .text.do_gpt   0x000000004a0096b8      0x224 cmd/built-in.o
 .text.do_env_delete
                0x000000004a0098dc       0x60 cmd/built-in.o
 .text.do_env_exists
                0x000000004a00993c       0x40 cmd/built-in.o
 .text.do_env_save
                0x000000004a00997c       0x20 cmd/built-in.o
 .text.do_env   0x000000004a00999c       0x3c cmd/built-in.o
 .text.env_print
                0x000000004a0099d8       0x74 cmd/built-in.o
 .text.do_env_print
                0x000000004a009a4c       0x74 cmd/built-in.o
 .text.do_env_import
                0x000000004a009ac0      0x17c cmd/built-in.o
 .text.do_env_default
                0x000000004a009c3c       0x54 cmd/built-in.o
 .text._do_env_set.isra.1
                0x000000004a009c90      0x12c cmd/built-in.o
 .text.do_env_set
                0x000000004a009dbc       0x14 cmd/built-in.o
 .text.get_env_id
                0x000000004a009dd0        0xc cmd/built-in.o
                0x000000004a009dd0                get_env_id
 .text.env_set  0x000000004a009ddc       0x3c cmd/built-in.o
                0x000000004a009ddc                env_set
 .text.env_set_ulong
                0x000000004a009e18       0x16 cmd/built-in.o
                0x000000004a009e18                env_set_ulong
 *fill*         0x000000004a009e2e        0x2 
 .text.env_set_hex
                0x000000004a009e30       0x20 cmd/built-in.o
                0x000000004a009e30                env_set_hex
 .text.do_env_export
                0x000000004a009e50      0x15c cmd/built-in.o
 .text.envmatch
                0x000000004a009fac       0x3e cmd/built-in.o
                0x000000004a009fac                envmatch
 *fill*         0x000000004a009fea        0x2 
 .text.env_get_f
                0x000000004a009fec       0x88 cmd/built-in.o
                0x000000004a009fec                env_get_f
 .text.env_get  0x000000004a00a074       0x50 cmd/built-in.o
                0x000000004a00a074                env_get
 .text.env_get_hex
                0x000000004a00a0c4       0x22 cmd/built-in.o
                0x000000004a00a0c4                env_get_hex
 .text.env_get_ulong
                0x000000004a00a0e6       0x1c cmd/built-in.o
                0x000000004a00a0e6                env_get_ulong
 *fill*         0x000000004a00a102        0x2 
 .text.do_env_edit.part.3
                0x000000004a00a104       0x6c cmd/built-in.o
 .text.do_env_edit
                0x000000004a00a170       0x1c cmd/built-in.o
 .text.board_init_f_alloc_reserve
                0x000000004a00a18c        0xa common/built-in.o
                0x000000004a00a18c                board_init_f_alloc_reserve
 .text.board_init_f_init_reserve
                0x000000004a00a196       0x14 common/built-in.o
                0x000000004a00a196                board_init_f_init_reserve
 .text.show_boot_progress
                0x000000004a00a1aa        0x4 common/built-in.o
                0x000000004a00a1aa                show_boot_progress
 *fill*         0x000000004a00a1ae        0x2 
 .text.main_loop
                0x000000004a00a1b0       0x50 common/built-in.o
                0x000000004a00a1b0                main_loop
 .text.mdelay   0x000000004a00a200       0x14 common/built-in.o
 .text.dummy    0x000000004a00a214        0x2 common/built-in.o
 .text.get_version
                0x000000004a00a216        0x4 common/built-in.o
                0x000000004a00a216                get_version
 *fill*         0x000000004a00a21a        0x2 
 .text.jumptable_init
                0x000000004a00a21c      0x168 common/built-in.o
                0x000000004a00a21c                jumptable_init
 .text.hash_command
                0x000000004a00a384       0x70 common/built-in.o
                0x000000004a00a384                hash_command
 .text.b_reset  0x000000004a00a3f4        0xe common/built-in.o
 .text.static_get
                0x000000004a00a402       0x12 common/built-in.o
 .text.static_peek
                0x000000004a00a414        0x6 common/built-in.o
 .text.file_peek
                0x000000004a00a41a        0x6 common/built-in.o
 .text.mapset   0x000000004a00a420       0x14 common/built-in.o
 .text.syntax_err
                0x000000004a00a434        0xc common/built-in.o
 .text.free_pipe_list
                0x000000004a00a440       0xa4 common/built-in.o
 .text.xmalloc  0x000000004a00a4e4       0x18 common/built-in.o
 .text.new_pipe
                0x000000004a00a4fc       0x16 common/built-in.o
 *fill*         0x000000004a00a512        0x2 
 .text.xrealloc
                0x000000004a00a514       0x18 common/built-in.o
 .text.done_command
                0x000000004a00a52c       0x42 common/built-in.o
 .text.done_pipe
                0x000000004a00a56e       0x2a common/built-in.o
 .text.done_word
                0x000000004a00a598      0x1cc common/built-in.o
 .text.do_showvar
                0x000000004a00a764       0xa4 common/built-in.o
 .text.is_assignment
                0x000000004a00a808       0x2c common/built-in.o
 .text.file_get
                0x000000004a00a834      0x144 common/built-in.o
 .text.b_addchr
                0x000000004a00a978       0x42 common/built-in.o
 *fill*         0x000000004a00a9ba        0x2 
 .text.b_addqchr
                0x000000004a00a9bc       0x30 common/built-in.o
 .text.get_local_var
                0x000000004a00a9ec       0x58 common/built-in.o
                0x000000004a00a9ec                get_local_var
 .text.set_local_var
                0x000000004a00aa44      0x10c common/built-in.o
                0x000000004a00aa44                set_local_var
 .text.insert_var_value_sub
                0x000000004a00ab50      0x1c0 common/built-in.o
 .text.parse_string_outer
                0x000000004a00ad10       0x94 common/built-in.o
                0x000000004a00ad10                parse_string_outer
 .text.run_list_real
                0x000000004a00ada4      0x4d8 common/built-in.o
 .text.parse_stream_outer
                0x000000004a00b27c      0x440 common/built-in.o
 .text.parse_file_outer
                0x000000004a00b6bc       0x2c common/built-in.o
                0x000000004a00b6bc                parse_file_outer
 .text.u_boot_hush_start
                0x000000004a00b6e8       0x30 common/built-in.o
                0x000000004a00b6e8                u_boot_hush_start
 .text.bootdelay_process
                0x000000004a00b718       0x88 common/built-in.o
                0x000000004a00b718                bootdelay_process
 .text.autoboot_command
                0x000000004a00b7a0       0xa0 common/built-in.o
                0x000000004a00b7a0                autoboot_command
 .text.display_text_info
                0x000000004a00b840        0x4 common/built-in.o
 .text.setup_mon_len
                0x000000004a00b844       0x18 common/built-in.o
 .text.arch_cpu_init
                0x000000004a00b85c        0x4 common/built-in.o
                0x000000004a00b85c                arch_cpu_init
 .text.mach_cpu_init
                0x000000004a00b860        0x4 common/built-in.o
                0x000000004a00b860                mach_cpu_init
 .text.reserve_round_4k
                0x000000004a00b864       0x14 common/built-in.o
 .text.reserve_mmu
                0x000000004a00b878       0x2e common/built-in.o
                0x000000004a00b878                reserve_mmu
 .text.reserve_video
                0x000000004a00b8a6        0x4 common/built-in.o
 .text.reserve_trace
                0x000000004a00b8aa        0x4 common/built-in.o
 .text.reserve_uboot
                0x000000004a00b8ae       0x2a common/built-in.o
 .text.reserve_malloc
                0x000000004a00b8d8       0x14 common/built-in.o
 .text.setup_machine
                0x000000004a00b8ec        0x4 common/built-in.o
 .text.reserve_global_data
                0x000000004a00b8f0       0x16 common/built-in.o
 .text.reserve_fdt
                0x000000004a00b906       0x3a common/built-in.o
 .text.reserve_bootstage
                0x000000004a00b940        0x4 common/built-in.o
 .text.display_new_sp
                0x000000004a00b944        0x4 common/built-in.o
 .text.reloc_bootstage
                0x000000004a00b948        0x4 common/built-in.o
 .text.initf_console_record
                0x000000004a00b94c        0x4 common/built-in.o
 .text.reserve_arch
                0x000000004a00b950        0x4 common/built-in.o
                0x000000004a00b950                reserve_arch
 .text.arch_cpu_init_dm
                0x000000004a00b954        0x4 common/built-in.o
                0x000000004a00b954                arch_cpu_init_dm
 .text.dram_init_banksize
                0x000000004a00b958       0x1a common/built-in.o
                0x000000004a00b958                dram_init_banksize
 .text.setup_reloc
                0x000000004a00b972       0x26 common/built-in.o
 .text.reloc_fdt
                0x000000004a00b998       0x2c common/built-in.o
 .text.reserve_board
                0x000000004a00b9c4       0x28 common/built-in.o
 .text.announce_dram_init
                0x000000004a00b9ec       0x10 common/built-in.o
 .text.init_baud_rate
                0x000000004a00b9fc       0x1c common/built-in.o
 .text.initf_dm
                0x000000004a00ba18        0x6 common/built-in.o
 .text.initf_bootstage
                0x000000004a00ba1e        0xc common/built-in.o
 .text.coloured_LED_init
                0x000000004a00ba2a        0x2 common/built-in.o
                0x000000004a00ba2a                coloured_LED_init
 .text.red_led_on
                0x000000004a00ba2c        0x2 common/built-in.o
                0x000000004a00ba2c                red_led_on
 .text.board_add_ram_info
                0x000000004a00ba2e        0x2 common/built-in.o
                0x000000004a00ba2e                board_add_ram_info
 .text.show_dram_config
                0x000000004a00ba30       0x28 common/built-in.o
 .text.board_get_usable_ram_top
                0x000000004a00ba58       0x12 common/built-in.o
                0x000000004a00ba58                board_get_usable_ram_top
 .text.setup_dest_addr
                0x000000004a00ba6a       0x30 common/built-in.o
 .text.reserve_stacks
                0x000000004a00ba9a       0x1a common/built-in.o
 .text.board_init_f
                0x000000004a00bab4       0x20 common/built-in.o
                0x000000004a00bab4                board_init_f
 .text.bootstage_relocate
                0x000000004a00bad4        0x4 common/built-in.o
 .text.initr_trace
                0x000000004a00bad8        0x4 common/built-in.o
 .text.initr_reloc
                0x000000004a00badc       0x14 common/built-in.o
 .text.initr_barrier
                0x000000004a00baf0        0x4 common/built-in.o
 .text.initr_console_record
                0x000000004a00baf4        0x4 common/built-in.o
 .text.power_init_board
                0x000000004a00baf8        0x4 common/built-in.o
                0x000000004a00baf8                power_init_board
 .text.initr_announce
                0x000000004a00bafc        0x4 common/built-in.o
 .text.dram_set_clk
                0x000000004a00bb00        0x4 common/built-in.o
 .text.init_env_boot_mmc
                0x000000004a00bb04       0x70 common/built-in.o
 .text.run_main_loop
                0x000000004a00bb74        0x8 common/built-in.o
 .text.turn_off_tft_bl
                0x000000004a00bb7c       0x2c common/built-in.o
 .text.initr_net
                0x000000004a00bba8       0x14 common/built-in.o
 .text.initr_ethaddr
                0x000000004a00bbbc       0x18 common/built-in.o
 .text.initr_enable_interrupts
                0x000000004a00bbd4        0xa common/built-in.o
 .text.initr_jumptable
                0x000000004a00bbde        0xa common/built-in.o
 .text.initr_env
                0x000000004a00bbe8       0x48 common/built-in.o
 .text.initr_mmc
                0x000000004a00bc30       0x18 common/built-in.o
 .text.initr_serial
                0x000000004a00bc48        0xa common/built-in.o
 .text.initr_dm
                0x000000004a00bc52       0x12 common/built-in.o
 .text.initr_bootstage
                0x000000004a00bc64        0xc common/built-in.o
 .text.initr_malloc
                0x000000004a00bc70       0x1c common/built-in.o
 .text.initr_reloc_global_data
                0x000000004a00bc8c       0x28 common/built-in.o
 .text.initr_caches
                0x000000004a00bcb4        0xa common/built-in.o
 .text.cpu_secondary_init_r
                0x000000004a00bcbe        0x2 common/built-in.o
                0x000000004a00bcbe                cpu_secondary_init_r
 .text.initr_secondary_cpu
                0x000000004a00bcc0        0xa common/built-in.o
 *fill*         0x000000004a00bcca        0x2 
 .text.nanopi_get_board
                0x000000004a00bccc       0x20 common/built-in.o
                0x000000004a00bccc                nanopi_get_board
 .text.setup_env_boardtype
                0x000000004a00bcec       0x48 common/built-in.o
 .text.board_init_r
                0x000000004a00bd34       0x10 common/built-in.o
                0x000000004a00bd34                board_init_r
 .text.checkboard
                0x000000004a00bd44        0x4 common/built-in.o
                0x000000004a00bd44                checkboard
 .text.show_board_info
                0x000000004a00bd48       0x2c common/built-in.o
                0x000000004a00bd48                show_board_info
 .text.bootm_find_images
                0x000000004a00bd74       0x6c common/built-in.o
                0x000000004a00bd74                bootm_find_images
 .text.bootm_decomp_image
                0x000000004a00bde0       0xe8 common/built-in.o
                0x000000004a00bde0                bootm_decomp_image
 .text.bootm_disable_interrupts
                0x000000004a00bec8       0x10 common/built-in.o
                0x000000004a00bec8                bootm_disable_interrupts
 .text.do_bootm_states
                0x000000004a00bed8      0x4d8 common/built-in.o
                0x000000004a00bed8                do_bootm_states
 .text.copy_args
                0x000000004a00c3b0       0x38 common/built-in.o
 .text.do_bootm_rtems
                0x000000004a00c3e8       0x2c common/built-in.o
 .text.do_bootm_plan9
                0x000000004a00c414       0x68 common/built-in.o
 .text.do_bootm_standalone
                0x000000004a00c47c       0x3c common/built-in.o
 .text.do_bootm_qnxelf
                0x000000004a00c4b8       0x4c common/built-in.o
 .text.do_bootm_netbsd
                0x000000004a00c504       0xa4 common/built-in.o
 .text.do_bootvx_fdt
                0x000000004a00c5a8       0xc0 common/built-in.o
                0x000000004a00c5a8                do_bootvx_fdt
 .text.do_bootm_vxworks
                0x000000004a00c668       0x16 common/built-in.o
 .text.arch_preboot_os
                0x000000004a00c67e        0x2 common/built-in.o
                0x000000004a00c67e                arch_preboot_os
 .text.boot_selected_os
                0x000000004a00c680       0x3a common/built-in.o
                0x000000004a00c680                boot_selected_os
 *fill*         0x000000004a00c6ba        0x2 
 .text.bootm_os_get_boot_func
                0x000000004a00c6bc        0xc common/built-in.o
                0x000000004a00c6bc                bootm_os_get_boot_func
 .text.of_bus_default_map
                0x000000004a00c6c8       0xa6 common/built-in.o
 *fill*         0x000000004a00c76e        0x2 
 .text.fdt_support_default_count_cells
                0x000000004a00c770       0x34 common/built-in.o
                0x000000004a00c770                fdt_support_default_count_cells
 .text.of_bus_default_translate
                0x000000004a00c7a4       0x78 common/built-in.o
 .text.fdt_find_and_setprop
                0x000000004a00c81c       0x48 common/built-in.o
                0x000000004a00c81c                fdt_find_and_setprop
 .text.fdt_find_or_add_subnode
                0x000000004a00c864       0x40 common/built-in.o
                0x000000004a00c864                fdt_find_or_add_subnode
 .text.fdt_root
                0x000000004a00c8a4       0x60 common/built-in.o
                0x000000004a00c8a4                fdt_root
 .text.fdt_initrd
                0x000000004a00c904      0x134 common/built-in.o
                0x000000004a00c904                fdt_initrd
 .text.fdt_chosen
                0x000000004a00ca38       0x90 common/built-in.o
                0x000000004a00ca38                fdt_chosen
 .text.do_fixup_by_path
                0x000000004a00cac8       0x34 common/built-in.o
                0x000000004a00cac8                do_fixup_by_path
 .text.fdt_fixup_memory_banks
                0x000000004a00cafc      0x120 common/built-in.o
                0x000000004a00cafc                fdt_fixup_memory_banks
 .text.fdt_fixup_memory
                0x000000004a00cc1c       0x16 common/built-in.o
                0x000000004a00cc1c                fdt_fixup_memory
 *fill*         0x000000004a00cc32        0x2 
 .text.fdt_fixup_ethernet
                0x000000004a00cc34       0xfc common/built-in.o
                0x000000004a00cc34                fdt_fixup_ethernet
 .text.fdt_shrink_to_minimum
                0x000000004a00cd30       0x8a common/built-in.o
                0x000000004a00cd30                fdt_shrink_to_minimum
 *fill*         0x000000004a00cdba        0x2 
 .text.fdt_translate_address
                0x000000004a00cdbc      0x198 common/built-in.o
                0x000000004a00cdbc                fdt_translate_address
 .text.miiphy_get_dev_by_name
                0x000000004a00cf54       0x38 common/built-in.o
                0x000000004a00cf54                miiphy_get_dev_by_name
 .text.miiphy_init
                0x000000004a00cf8c       0x18 common/built-in.o
                0x000000004a00cf8c                miiphy_init
 .text.miiphy_set_current_dev
                0x000000004a00cfa4       0x28 common/built-in.o
                0x000000004a00cfa4                miiphy_set_current_dev
 .text.miiphy_get_active_dev
                0x000000004a00cfcc       0x30 common/built-in.o
 .text.miiphy_get_current_dev
                0x000000004a00cffc       0x10 common/built-in.o
                0x000000004a00cffc                miiphy_get_current_dev
 .text.miiphy_read
                0x000000004a00d00c       0x28 common/built-in.o
                0x000000004a00d00c                miiphy_read
 .text.miiphy_write
                0x000000004a00d034       0x24 common/built-in.o
                0x000000004a00d034                miiphy_write
 .text.miiphy_listdev
                0x000000004a00d058       0x54 common/built-in.o
                0x000000004a00d058                miiphy_listdev
 .text.miiphy_info
                0x000000004a00d0ac       0x5c common/built-in.o
                0x000000004a00d0ac                miiphy_info
 .text.miiphy_speed
                0x000000004a00d108       0x84 common/built-in.o
                0x000000004a00d108                miiphy_speed
 .text.miiphy_duplex
                0x000000004a00d18c       0x80 common/built-in.o
                0x000000004a00d18c                miiphy_duplex
 .text.miiphy_is_1000base_x
                0x000000004a00d20c        0x4 common/built-in.o
                0x000000004a00d20c                miiphy_is_1000base_x
 .text.usb_set_maxpacket_ep
                0x000000004a00d210       0x54 common/built-in.o
 .text.usb_control_msg
                0x000000004a00d264       0x70 common/built-in.o
                0x000000004a00d264                usb_control_msg
 .text.usb_get_descriptor
                0x000000004a00d2d4       0x38 common/built-in.o
 .text.get_descriptor_len
                0x000000004a00d30c       0x60 common/built-in.o
 .text.usb_setup_descriptor
                0x000000004a00d36c       0x84 common/built-in.o
 .text.usb_get_string
                0x000000004a00d3f0       0x4e common/built-in.o
 *fill*         0x000000004a00d43e        0x2 
 .text.usb_string_sub
                0x000000004a00d440       0x94 common/built-in.o
 .text.usb_bulk_msg
                0x000000004a00d4d4       0x52 common/built-in.o
                0x000000004a00d4d4                usb_bulk_msg
 .text.usb_maxpacket
                0x000000004a00d526       0x1a common/built-in.o
                0x000000004a00d526                usb_maxpacket
 .text.usb_clear_halt
                0x000000004a00d540       0x5c common/built-in.o
                0x000000004a00d540                usb_clear_halt
 .text.usb_get_configuration_len
                0x000000004a00d59c       0x50 common/built-in.o
                0x000000004a00d59c                usb_get_configuration_len
 .text.usb_get_configuration_no
                0x000000004a00d5ec       0x1c common/built-in.o
                0x000000004a00d5ec                usb_get_configuration_no
 .text.usb_set_interface
                0x000000004a00d608       0x78 common/built-in.o
                0x000000004a00d608                usb_set_interface
 .text.usb_set_protocol
                0x000000004a00d680       0x2e common/built-in.o
                0x000000004a00d680                usb_set_protocol
 .text.usb_set_idle
                0x000000004a00d6ae       0x32 common/built-in.o
                0x000000004a00d6ae                usb_set_idle
 .text.usb_string
                0x000000004a00d6e0       0xa4 common/built-in.o
                0x000000004a00d6e0                usb_string
 .text.usb_select_config
                0x000000004a00d784      0x320 common/built-in.o
                0x000000004a00d784                usb_select_config
 .text.usb_setup_device
                0x000000004a00daa4       0xa8 common/built-in.o
                0x000000004a00daa4                usb_setup_device
 .text.usb_device_has_child_on_port
                0x000000004a00db4c        0x4 common/built-in.o
                0x000000004a00db4c                usb_device_has_child_on_port
 .text.usb_set_port_feature
                0x000000004a00db50       0x2e common/built-in.o
 .text.usb_clear_port_feature
                0x000000004a00db7e       0x2e common/built-in.o
 .text.usb_get_hub_descriptor
                0x000000004a00dbac       0x42 common/built-in.o
 .text.usb_hub_reset_devices
                0x000000004a00dbee        0x2 common/built-in.o
                0x000000004a00dbee                usb_hub_reset_devices
 .text.usb_hub_is_root_hub
                0x000000004a00dbf0       0x10 common/built-in.o
                0x000000004a00dbf0                usb_hub_is_root_hub
 .text.usb_get_port_status
                0x000000004a00dc00       0x70 common/built-in.o
                0x000000004a00dc00                usb_get_port_status
 .text.usb_hub_port_connect_change
                0x000000004a00dc70      0x104 common/built-in.o
                0x000000004a00dc70                usb_hub_port_connect_change
 .text.usb_hub_configure
                0x000000004a00dd74      0x3d4 common/built-in.o
 .text.usb_hub_scan
                0x000000004a00e148        0xe common/built-in.o
                0x000000004a00e148                usb_hub_scan
 .text.usb_hub_post_probe
                0x000000004a00e156        0x4 common/built-in.o
 .text.usb_stor_irq
                0x000000004a00e15a       0x10 common/built-in.o
 .text.usb_stor_BBB_reset
                0x000000004a00e16a       0xac common/built-in.o
 .text.usb_stor_CB_reset
                0x000000004a00e216       0x96 common/built-in.o
 .text.usb_stor_BBB_clear_endpt_stall.isra.0
                0x000000004a00e2ac       0x2c common/built-in.o
 .text.usb_stor_BBB_transport
                0x000000004a00e2d8      0x1b0 common/built-in.o
 .text.usb_stor_CB_comdat
                0x000000004a00e488      0x154 common/built-in.o
 .text.usb_stor_CBI_get_status.isra.2
                0x000000004a00e5dc       0x88 common/built-in.o
 .text.usb_stor_CB_transport
                0x000000004a00e664      0x16c common/built-in.o
 .text.usb_request_sense.constprop.11
                0x000000004a00e7d0       0x4c common/built-in.o
 .text.usb_stor_read
                0x000000004a00e81c       0xfc common/built-in.o
 .text.usb_stor_write
                0x000000004a00e918       0xfc common/built-in.o
 .text.usb_stor_info
                0x000000004a00ea14       0x4c common/built-in.o
                0x000000004a00ea14                usb_stor_info
 .text.usb_stor_reset
                0x000000004a00ea60        0xc common/built-in.o
                0x000000004a00ea60                usb_stor_reset
 .text.usb_stor_scan
                0x000000004a00ea6c       0x30 common/built-in.o
                0x000000004a00ea6c                usb_stor_scan
 .text.usb_storage_probe
                0x000000004a00ea9c      0x188 common/built-in.o
                0x000000004a00ea9c                usb_storage_probe
 .text.usb_stor_get_info
                0x000000004a00ec24      0x220 common/built-in.o
                0x000000004a00ec24                usb_stor_get_info
 .text.usb_mass_storage_probe
                0x000000004a00ee44      0x134 common/built-in.o
 .text.iomux_doenv
                0x000000004a00ef78      0x128 common/built-in.o
                0x000000004a00ef78                iomux_doenv
 .text.snip     0x000000004a00f0a0       0x38 common/built-in.o
 .text.edid_check_info
                0x000000004a00f0d8       0x30 common/built-in.o
                0x000000004a00f0d8                edid_check_info
 .text.edid_print_info
                0x000000004a00f108      0x498 common/built-in.o
                0x000000004a00f108                edid_print_info
 .text.menu_display_statusline
                0x000000004a00f5a0        0x2 common/built-in.o
                0x000000004a00f5a0                menu_display_statusline
 .text.menu_default_set
                0x000000004a00f5a2       0x56 common/built-in.o
                0x000000004a00f5a2                menu_default_set
 .text.menu_get_choice
                0x000000004a00f5f8      0x12c common/built-in.o
                0x000000004a00f5f8                menu_get_choice
 .text.menu_item_add
                0x000000004a00f724       0x8c common/built-in.o
                0x000000004a00f724                menu_item_add
 .text.menu_create
                0x000000004a00f7b0       0x54 common/built-in.o
                0x000000004a00f7b0                menu_create
 .text.menu_destroy
                0x000000004a00f804       0x44 common/built-in.o
                0x000000004a00f804                menu_destroy
 .text.usb_kbd_remove
                0x000000004a00f848       0x74 common/built-in.o
 .text.usb_kbd_translate.part.0
                0x000000004a00f8bc       0xd0 common/built-in.o
 .text.usb_kbd_probe
                0x000000004a00f98c      0x14c common/built-in.o
 .text.usb_kbd_irq_worker
                0x000000004a00fad8      0x12c common/built-in.o
 .text.usb_kbd_getc
                0x000000004a00fc04       0x88 common/built-in.o
 .text.usb_kbd_testc
                0x000000004a00fc8c       0x98 common/built-in.o
 .text.usb_kbd_irq
                0x000000004a00fd24       0x16 common/built-in.o
 *fill*         0x000000004a00fd3a        0x2 
 .text.delete_char.part.0
                0x000000004a00fd3c       0x84 common/built-in.o
 .text.cread_add_char
                0x000000004a00fdc0       0x80 common/built-in.o
 .text.cli_readline_into_buffer
                0x000000004a00fe40      0x674 common/built-in.o
                0x000000004a00fe40                cli_readline_into_buffer
 .text.cli_readline
                0x000000004a0104b4       0x10 common/built-in.o
                0x000000004a0104b4                cli_readline
 .text.cli_simple_process_macros
                0x000000004a0104c4      0x122 common/built-in.o
                0x000000004a0104c4                cli_simple_process_macros
 *fill*         0x000000004a0105e6        0x2 
 .text.console_tstc
                0x000000004a0105e8       0x5c common/built-in.o
 .text.console_putc
                0x000000004a010644       0x38 common/built-in.o
 .text.console_puts
                0x000000004a01067c       0x38 common/built-in.o
 .text.pre_console_putc
                0x000000004a0106b4       0x16 common/built-in.o
 *fill*         0x000000004a0106ca        0x2 
 .text.on_console
                0x000000004a0106cc       0x78 common/built-in.o
 .text.serial_printf
                0x000000004a010744       0x32 common/built-in.o
                0x000000004a010744                serial_printf
 *fill*         0x000000004a010776        0x2 
 .text.console_getc.isra.2
                0x000000004a010778       0x18 common/built-in.o
 .text.tstc     0x000000004a010790       0x1a common/built-in.o
                0x000000004a010790                tstc
 .text.putc     0x000000004a0107aa       0x34 common/built-in.o
                0x000000004a0107aa                putc
 *fill*         0x000000004a0107de        0x2 
 .text.getc     0x000000004a0107e0       0x34 common/built-in.o
                0x000000004a0107e0                getc
 .text.puts     0x000000004a010814       0x48 common/built-in.o
                0x000000004a010814                puts
 .text.print_pre_console_buffer
                0x000000004a01085c       0xb8 common/built-in.o
 .text.fputs    0x000000004a010914        0xa common/built-in.o
                0x000000004a010914                fputs
 *fill*         0x000000004a01091e        0x2 
 .text.ctrlc    0x000000004a010920       0x38 common/built-in.o
                0x000000004a010920                ctrlc
 .text.disable_ctrlc
                0x000000004a010958       0x10 common/built-in.o
                0x000000004a010958                disable_ctrlc
 .text.had_ctrlc
                0x000000004a010968        0xc common/built-in.o
                0x000000004a010968                had_ctrlc
 .text.clear_ctrlc
                0x000000004a010974        0xc common/built-in.o
                0x000000004a010974                clear_ctrlc
 .text.search_device
                0x000000004a010980       0x16 common/built-in.o
                0x000000004a010980                search_device
 *fill*         0x000000004a010996        0x2 
 .text.console_assign
                0x000000004a010998       0x84 common/built-in.o
                0x000000004a010998                console_assign
 .text.console_init_f
                0x000000004a010a1c       0x12 common/built-in.o
                0x000000004a010a1c                console_init_f
 *fill*         0x000000004a010a2e        0x2 
 .text.stdio_print_current_devices
                0x000000004a010a30       0x78 common/built-in.o
                0x000000004a010a30                stdio_print_current_devices
 .text.console_init_r
                0x000000004a010aa8      0x124 common/built-in.o
                0x000000004a010aa8                console_init_r
 .text.sbrk     0x000000004a010bcc       0x44 common/built-in.o
                0x000000004a010bcc                sbrk
 .text.mem_malloc_init
                0x000000004a010c10       0x1c common/built-in.o
                0x000000004a010c10                mem_malloc_init
 .text.malloc_trim
                0x000000004a010c2c       0x80 common/built-in.o
                0x000000004a010c2c                malloc_trim
 .text.free     0x000000004a010cac      0x160 common/built-in.o
                0x000000004a010cac                free
 .text.malloc   0x000000004a010e0c      0x40c common/built-in.o
                0x000000004a010e0c                malloc
 .text.calloc   0x000000004a011218       0x96 common/built-in.o
                0x000000004a011218                calloc
 *fill*         0x000000004a0112ae        0x2 
 .text.realloc  0x000000004a0112b0      0x2e4 common/built-in.o
                0x000000004a0112b0                realloc
 .text.memalign
                0x000000004a011594      0x10a common/built-in.o
                0x000000004a011594                memalign
 .text.initf_malloc
                0x000000004a01169e       0x14 common/built-in.o
                0x000000004a01169e                initf_malloc
 .text.malloc_simple
                0x000000004a0116b2       0x28 common/built-in.o
                0x000000004a0116b2                malloc_simple
 *fill*         0x000000004a0116da        0x2 
 .text.on_loadaddr
                0x000000004a0116dc       0x20 common/built-in.o
 .text.image_check_hcrc
                0x000000004a0116fc       0x2a common/built-in.o
                0x000000004a0116fc                image_check_hcrc
 .text.image_check_dcrc
                0x000000004a011726       0x22 common/built-in.o
                0x000000004a011726                image_check_dcrc
 .text.image_multi_count
                0x000000004a011748       0x12 common/built-in.o
                0x000000004a011748                image_multi_count
 .text.image_multi_getimg
                0x000000004a01175a       0x4e common/built-in.o
                0x000000004a01175a                image_multi_getimg
 .text.env_get_bootm_low
                0x000000004a0117a8       0x20 common/built-in.o
                0x000000004a0117a8                env_get_bootm_low
 .text.env_get_bootm_size
                0x000000004a0117c8       0x44 common/built-in.o
                0x000000004a0117c8                env_get_bootm_size
 .text.env_get_bootm_mapsize
                0x000000004a01180c       0x20 common/built-in.o
                0x000000004a01180c                env_get_bootm_mapsize
 .text.memmove_wd
                0x000000004a01182c        0xa common/built-in.o
                0x000000004a01182c                memmove_wd
 *fill*         0x000000004a011836        0x2 
 .text.genimg_print_size
                0x000000004a011838       0x24 common/built-in.o
                0x000000004a011838                genimg_print_size
 .text.get_table_entry
                0x000000004a01185c       0x12 common/built-in.o
                0x000000004a01185c                get_table_entry
 .text.get_table_entry_name
                0x000000004a01186e       0x14 common/built-in.o
                0x000000004a01186e                get_table_entry_name
 *fill*         0x000000004a011882        0x2 
 .text.genimg_get_os_name
                0x000000004a011884       0x14 common/built-in.o
                0x000000004a011884                genimg_get_os_name
 .text.genimg_get_arch_name
                0x000000004a011898       0x14 common/built-in.o
                0x000000004a011898                genimg_get_arch_name
 .text.genimg_get_type_name
                0x000000004a0118ac       0x14 common/built-in.o
                0x000000004a0118ac                genimg_get_type_name
 .text.genimg_get_comp_name
                0x000000004a0118c0       0x14 common/built-in.o
                0x000000004a0118c0                genimg_get_comp_name
 .text.image_print_contents
                0x000000004a0118d4      0x108 common/built-in.o
                0x000000004a0118d4                image_print_contents
 .text.genimg_get_kernel_addr_fit
                0x000000004a0119dc       0x14 common/built-in.o
                0x000000004a0119dc                genimg_get_kernel_addr_fit
 .text.genimg_get_kernel_addr
                0x000000004a0119f0       0x16 common/built-in.o
                0x000000004a0119f0                genimg_get_kernel_addr
 *fill*         0x000000004a011a06        0x2 
 .text.genimg_get_format
                0x000000004a011a08       0x20 common/built-in.o
                0x000000004a011a08                genimg_get_format
 .text.genimg_has_config
                0x000000004a011a28        0x4 common/built-in.o
                0x000000004a011a28                genimg_has_config
 .text.boot_get_ramdisk
                0x000000004a011a2c      0x1a4 common/built-in.o
                0x000000004a011a2c                boot_get_ramdisk
 .text.boot_ramdisk_high
                0x000000004a011bd0       0xc4 common/built-in.o
                0x000000004a011bd0                boot_ramdisk_high
 .text.boot_get_setup
                0x000000004a011c94        0x6 common/built-in.o
                0x000000004a011c94                boot_get_setup
 .text.image_setup_linux
                0x000000004a011c9a       0x3e common/built-in.o
                0x000000004a011c9a                image_setup_linux
 .text.fdt_error
                0x000000004a011cd8       0x24 common/built-in.o
 .text.boot_fdt_add_mem_rsv_regions
                0x000000004a011cfc       0x54 common/built-in.o
                0x000000004a011cfc                boot_fdt_add_mem_rsv_regions
 .text.boot_relocate_fdt
                0x000000004a011d50      0x108 common/built-in.o
                0x000000004a011d50                boot_relocate_fdt
 .text.boot_get_fdt
                0x000000004a011e58      0x1a8 common/built-in.o
                0x000000004a011e58                boot_get_fdt
 .text.ft_verify_fdt
                0x000000004a012000        0x4 common/built-in.o
                0x000000004a012000                ft_verify_fdt
 .text.image_setup_libfdt
                0x000000004a012004       0xc8 common/built-in.o
                0x000000004a012004                image_setup_libfdt
 .text.get_ram_size
                0x000000004a0120cc       0x8e common/built-in.o
                0x000000004a0120cc                get_ram_size
 .text.get_effective_memsize
                0x000000004a01215a        0x6 common/built-in.o
                0x000000004a01215a                get_effective_memsize
 .text.nulldev_putc
                0x000000004a012160        0x2 common/built-in.o
 .text.nulldev_puts
                0x000000004a012162        0x2 common/built-in.o
 .text.nulldev_input
                0x000000004a012164        0x4 common/built-in.o
 .text.stdio_serial_tstc
                0x000000004a012168        0x4 common/built-in.o
 .text.stdio_serial_getc
                0x000000004a01216c        0x4 common/built-in.o
 .text.stdio_serial_puts
                0x000000004a012170        0x6 common/built-in.o
 .text.stdio_serial_putc
                0x000000004a012176        0x6 common/built-in.o
 .text.stdio_get_list
                0x000000004a01217c        0x8 common/built-in.o
                0x000000004a01217c                stdio_get_list
 .text.stdio_get_by_name
                0x000000004a012184       0x30 common/built-in.o
                0x000000004a012184                stdio_get_by_name
 .text.stdio_clone
                0x000000004a0121b4       0x22 common/built-in.o
                0x000000004a0121b4                stdio_clone
 *fill*         0x000000004a0121d6        0x2 
 .text.stdio_register_dev
                0x000000004a0121d8       0x30 common/built-in.o
                0x000000004a0121d8                stdio_register_dev
 .text.stdio_register
                0x000000004a012208        0x6 common/built-in.o
                0x000000004a012208                stdio_register
 *fill*         0x000000004a01220e        0x2 
 .text.stdio_deregister_dev
                0x000000004a012210       0xa0 common/built-in.o
                0x000000004a012210                stdio_deregister_dev
 .text.stdio_init_tables
                0x000000004a0122b0       0x14 common/built-in.o
                0x000000004a0122b0                stdio_init_tables
 .text.stdio_add_devices
                0x000000004a0122c4       0xbc common/built-in.o
                0x000000004a0122c4                stdio_add_devices
 .text.run_command
                0x000000004a012380        0xe common/built-in.o
                0x000000004a012380                run_command
 .text.run_command_list
                0x000000004a01238e       0x46 common/built-in.o
                0x000000004a01238e                run_command_list
 .text.do_run   0x000000004a0123d4       0x50 common/built-in.o
                0x000000004a0123d4                do_run
 .text.cli_process_fdt
                0x000000004a012424       0x30 common/built-in.o
                0x000000004a012424                cli_process_fdt
 .text.cli_secure_boot_cmd
                0x000000004a012454       0x4c common/built-in.o
                0x000000004a012454                cli_secure_boot_cmd
 .text.cli_loop
                0x000000004a0124a0        0x8 common/built-in.o
                0x000000004a0124a0                cli_loop
 .text.cli_init
                0x000000004a0124a8        0x4 common/built-in.o
                0x000000004a0124a8                cli_init
 .text.find_cmd_tbl
                0x000000004a0124ac       0x64 common/built-in.o
                0x000000004a0124ac                find_cmd_tbl
 .text.find_cmd
                0x000000004a012510       0x1c common/built-in.o
                0x000000004a012510                find_cmd
 .text.cmd_usage
                0x000000004a01252c       0x3c common/built-in.o
                0x000000004a01252c                cmd_usage
 .text._do_help
                0x000000004a012568      0x104 common/built-in.o
                0x000000004a012568                _do_help
 .text.var_complete
                0x000000004a01266c       0x40 common/built-in.o
                0x000000004a01266c                var_complete
 .text.cmd_auto_complete
                0x000000004a0126ac      0x300 common/built-in.o
                0x000000004a0126ac                cmd_auto_complete
 .text.cmd_get_data_size
                0x000000004a0129ac       0x38 common/built-in.o
                0x000000004a0129ac                cmd_get_data_size
 .text.cmd_process
                0x000000004a0129e4       0x98 common/built-in.o
                0x000000004a0129e4                cmd_process
 .text.cmd_process_error
                0x000000004a012a7c       0x1c common/built-in.o
                0x000000004a012a7c                cmd_process_error
 .text.hex1_bin
                0x000000004a012a98       0x2a common/built-in.o
 .text.hex2_bin
                0x000000004a012ac2       0x24 common/built-in.o
 .text.srec_decode
                0x000000004a012ae6      0x182 common/built-in.o
                0x000000004a012ae6                srec_decode
 .text.CYGACC_COMM_IF_GETC_TIMEOUT.isra.0
                0x000000004a012c68       0x2e common/built-in.o
 .text.xyzModem_flush
                0x000000004a012c96       0x14 common/built-in.o
 *fill*         0x000000004a012caa        0x2 
 .text.xyzModem_get_hdr
                0x000000004a012cac      0x178 common/built-in.o
 .text.xyzModem_stream_open
                0x000000004a012e24      0x178 common/built-in.o
                0x000000004a012e24                xyzModem_stream_open
 .text.xyzModem_stream_read
                0x000000004a012f9c      0x1c0 common/built-in.o
                0x000000004a012f9c                xyzModem_stream_read
 .text.xyzModem_stream_close
                0x000000004a01315c       0x40 common/built-in.o
                0x000000004a01315c                xyzModem_stream_close
 .text.xyzModem_stream_terminate
                0x000000004a01319c       0x68 common/built-in.o
                0x000000004a01319c                xyzModem_stream_terminate
 .text.xyzModem_error
                0x000000004a013204       0x18 common/built-in.o
                0x000000004a013204                xyzModem_error
 .text.blk_get_dev
                0x000000004a01321c       0x1c disk/built-in.o
                0x000000004a01321c                blk_get_dev
 .text.dev_print
                0x000000004a013238      0x154 disk/built-in.o
                0x000000004a013238                dev_print
 .text.part_init
                0x000000004a01338c       0x2c disk/built-in.o
                0x000000004a01338c                part_init
 .text.part_print
                0x000000004a0133b8       0xc4 disk/built-in.o
                0x000000004a0133b8                part_print
 .text.part_get_info
                0x000000004a01347c       0x44 disk/built-in.o
                0x000000004a01347c                part_get_info
 .text.part_get_info_whole_disk
                0x000000004a0134c0       0x38 disk/built-in.o
                0x000000004a0134c0                part_get_info_whole_disk
 .text.blk_get_device_by_str
                0x000000004a0134f8       0xcc disk/built-in.o
                0x000000004a0134f8                blk_get_device_by_str
 .text.blk_get_device_part_str
                0x000000004a0135c4      0x244 disk/built-in.o
                0x000000004a0135c4                blk_get_device_part_str
 .text.part_set_generic_name
                0x000000004a013808       0x34 disk/built-in.o
                0x000000004a013808                part_set_generic_name
 .text.test_block_type
                0x000000004a01383c       0x50 disk/built-in.o
 .text.print_partition_extended
                0x000000004a01388c      0x1c4 disk/built-in.o
 .text.part_print_dos
                0x000000004a013a50       0x20 disk/built-in.o
                0x000000004a013a50                part_print_dos
 .text.part_test_dos
                0x000000004a013a70       0x4a disk/built-in.o
 *fill*         0x000000004a013aba        0x2 
 .text.part_get_info_extended
                0x000000004a013abc      0x204 disk/built-in.o
 .text.part_get_info_dos
                0x000000004a013cc0       0x18 disk/built-in.o
                0x000000004a013cc0                part_get_info_dos
 .text.iso_dread
                0x000000004a013cd8       0x22 disk/built-in.o
                0x000000004a013cd8                iso_dread
 *fill*         0x000000004a013cfa        0x2 
 .text.part_get_info_iso_verb
                0x000000004a013cfc      0x258 disk/built-in.o
                0x000000004a013cfc                part_get_info_iso_verb
 .text.part_test_iso
                0x000000004a013f54       0x14 disk/built-in.o
 .text.part_print_iso
                0x000000004a013f68       0x5c disk/built-in.o
 .text.part_get_info_iso
                0x000000004a013fc4        0x6 disk/built-in.o
 *fill*         0x000000004a013fca        0x2 
 .text.print_efiname
                0x000000004a013fcc       0x38 disk/built-in.o
 .text.part_test_efi
                0x000000004a014004       0x8a disk/built-in.o
 *fill*         0x000000004a01408e        0x2 
 .text.set_protective_mbr
                0x000000004a014090       0x94 disk/built-in.o
 .text.validate_gpt_entries
                0x000000004a014124       0x80 disk/built-in.o
 *fill*         0x000000004a0141a4        0x4 
 .text.validate_gpt_header
                0x000000004a0141a8      0x1a8 disk/built-in.o
 .text.is_gpt_valid
                0x000000004a014350      0x1b4 disk/built-in.o
 .text.is_pte_valid
                0x000000004a014504       0x38 disk/built-in.o
 .text.part_print_efi
                0x000000004a01453c      0x1f4 disk/built-in.o
                0x000000004a01453c                part_print_efi
 .text.part_get_info_efi
                0x000000004a014730      0x178 disk/built-in.o
                0x000000004a014730                part_get_info_efi
 .text.get_disk_guid
                0x000000004a0148a8       0xa8 disk/built-in.o
                0x000000004a0148a8                get_disk_guid
 .text.write_gpt_table
                0x000000004a014950      0x2d8 disk/built-in.o
                0x000000004a014950                write_gpt_table
 .text.gpt_fill_pte
                0x000000004a014c28      0x294 disk/built-in.o
                0x000000004a014c28                gpt_fill_pte
 .text.gpt_fill_header
                0x000000004a014ebc      0x1ac disk/built-in.o
                0x000000004a014ebc                gpt_fill_header
 .text.gpt_restore
                0x000000004a015068       0xc8 disk/built-in.o
                0x000000004a015068                gpt_restore
 .text.gpt_verify_headers
                0x000000004a015130       0x50 disk/built-in.o
                0x000000004a015130                gpt_verify_headers
 .text.gpt_verify_partitions
                0x000000004a015180      0x18c disk/built-in.o
                0x000000004a015180                gpt_verify_partitions
 .text.device_bind_common.isra.4
                0x000000004a01530c      0x21c drivers/built-in.o
 .text.alloc_priv
                0x000000004a015528       0x3c drivers/built-in.o
 .text.device_bind_with_driver_data
                0x000000004a015564       0x18 drivers/built-in.o
                0x000000004a015564                device_bind_with_driver_data
 .text.device_bind
                0x000000004a01557c       0x16 drivers/built-in.o
                0x000000004a01557c                device_bind
 .text.device_bind_by_name
                0x000000004a015592       0x44 drivers/built-in.o
                0x000000004a015592                device_bind_by_name
 *fill*         0x000000004a0155d6        0x2 
 .text.device_probe
                0x000000004a0155d8      0x134 drivers/built-in.o
                0x000000004a0155d8                device_probe
 .text.dev_get_platdata
                0x000000004a01570c       0x20 drivers/built-in.o
                0x000000004a01570c                dev_get_platdata
 .text.dev_get_parent_platdata
                0x000000004a01572c       0x20 drivers/built-in.o
                0x000000004a01572c                dev_get_parent_platdata
 .text.dev_get_uclass_platdata
                0x000000004a01574c       0x20 drivers/built-in.o
                0x000000004a01574c                dev_get_uclass_platdata
 .text.dev_get_priv
                0x000000004a01576c       0x20 drivers/built-in.o
                0x000000004a01576c                dev_get_priv
 .text.dev_get_uclass_priv
                0x000000004a01578c       0x20 drivers/built-in.o
                0x000000004a01578c                dev_get_uclass_priv
 .text.dev_get_parent_priv
                0x000000004a0157ac       0x20 drivers/built-in.o
                0x000000004a0157ac                dev_get_parent_priv
 .text.device_get_child
                0x000000004a0157cc       0x32 drivers/built-in.o
                0x000000004a0157cc                device_get_child
 .text.device_find_first_child
                0x000000004a0157fe       0x14 drivers/built-in.o
                0x000000004a0157fe                device_find_first_child
 .text.device_find_next_child
                0x000000004a015812       0x16 drivers/built-in.o
                0x000000004a015812                device_find_next_child
 .text.dev_get_parent
                0x000000004a015828        0x4 drivers/built-in.o
                0x000000004a015828                dev_get_parent
 .text.dev_get_driver_data
                0x000000004a01582c        0x4 drivers/built-in.o
                0x000000004a01582c                dev_get_driver_data
 .text.device_get_uclass_id
                0x000000004a015830        0x8 drivers/built-in.o
                0x000000004a015830                device_get_uclass_id
 .text.device_has_active_children
                0x000000004a015838       0x22 drivers/built-in.o
                0x000000004a015838                device_has_active_children
 .text.device_is_last_sibling
                0x000000004a01585a       0x14 drivers/built-in.o
                0x000000004a01585a                device_is_last_sibling
 *fill*         0x000000004a01586e        0x2 
 .text.devfdt_get_addr_index
                0x000000004a015870       0x70 drivers/built-in.o
                0x000000004a015870                devfdt_get_addr_index
 .text.devfdt_get_addr
                0x000000004a0158e0        0x6 drivers/built-in.o
                0x000000004a0158e0                devfdt_get_addr
 .text.devfdt_get_addr_ptr
                0x000000004a0158e6        0x6 drivers/built-in.o
                0x000000004a0158e6                devfdt_get_addr_ptr
 .text.lists_driver_lookup_name
                0x000000004a0158ec       0x2c drivers/built-in.o
                0x000000004a0158ec                lists_driver_lookup_name
 .text.lists_uclass_lookup
                0x000000004a015918       0x24 drivers/built-in.o
                0x000000004a015918                lists_uclass_lookup
 .text.lists_bind_drivers
                0x000000004a01593c       0x54 drivers/built-in.o
                0x000000004a01593c                lists_bind_drivers
 .text.device_bind_driver_to_node
                0x000000004a015990       0x2c drivers/built-in.o
                0x000000004a015990                device_bind_driver_to_node
 .text.device_bind_driver
                0x000000004a0159bc       0x12 drivers/built-in.o
                0x000000004a0159bc                device_bind_driver
 *fill*         0x000000004a0159ce        0x2 
 .text.lists_bind_fdt
                0x000000004a0159d0       0xe8 drivers/built-in.o
                0x000000004a0159d0                lists_bind_fdt
 .text.dm_scan_fdt_node
                0x000000004a015ab8       0x6c drivers/built-in.o
 .text.dm_root  0x000000004a015b24       0x1c drivers/built-in.o
                0x000000004a015b24                dm_root
 .text.dm_get_translation_offset
                0x000000004a015b40        0xe drivers/built-in.o
                0x000000004a015b40                dm_get_translation_offset
 *fill*         0x000000004a015b4e        0x2 
 .text.dm_init  0x000000004a015b50       0x4c drivers/built-in.o
                0x000000004a015b50                dm_init
 .text.dm_remove_devices_flags
                0x000000004a015b9c       0x12 drivers/built-in.o
                0x000000004a015b9c                dm_remove_devices_flags
 *fill*         0x000000004a015bae        0x2 
 .text.dm_scan_platdata
                0x000000004a015bb0       0x20 drivers/built-in.o
                0x000000004a015bb0                dm_scan_platdata
 .text.dm_scan_fdt_dev
                0x000000004a015bd0       0x1e drivers/built-in.o
                0x000000004a015bd0                dm_scan_fdt_dev
 .text.dm_scan_fdt
                0x000000004a015bee       0x10 drivers/built-in.o
                0x000000004a015bee                dm_scan_fdt
 *fill*         0x000000004a015bfe        0x2 
 .text.dm_extended_scan_fdt
                0x000000004a015c00       0x34 drivers/built-in.o
                0x000000004a015c00                dm_extended_scan_fdt
 .text.dm_scan_other
                0x000000004a015c34        0x4 drivers/built-in.o
                0x000000004a015c34                dm_scan_other
 .text.dm_init_and_scan
                0x000000004a015c38       0x2c drivers/built-in.o
                0x000000004a015c38                dm_init_and_scan
 .text.uclass_find
                0x000000004a015c64       0x2a drivers/built-in.o
                0x000000004a015c64                uclass_find
 .text.uclass_get
                0x000000004a015c8e       0xaa drivers/built-in.o
                0x000000004a015c8e                uclass_get
 .text.uclass_find_device
                0x000000004a015d38       0x40 drivers/built-in.o
                0x000000004a015d38                uclass_find_device
 .text.uclass_find_first_device
                0x000000004a015d78       0x22 drivers/built-in.o
                0x000000004a015d78                uclass_find_first_device
 .text.uclass_find_next_device
                0x000000004a015d9a       0x18 drivers/built-in.o
                0x000000004a015d9a                uclass_find_next_device
 .text.uclass_find_device_by_seq
                0x000000004a015db2       0x50 drivers/built-in.o
                0x000000004a015db2                uclass_find_device_by_seq
 .text.uclass_find_device_by_of_offset
                0x000000004a015e02       0x40 drivers/built-in.o
                0x000000004a015e02                uclass_find_device_by_of_offset
 .text.uclass_get_device_tail
                0x000000004a015e42       0x16 drivers/built-in.o
                0x000000004a015e42                uclass_get_device_tail
 .text.uclass_get_device
                0x000000004a015e58       0x1c drivers/built-in.o
                0x000000004a015e58                uclass_get_device
 .text.uclass_get_device_by_seq
                0x000000004a015e74       0x34 drivers/built-in.o
                0x000000004a015e74                uclass_get_device_by_seq
 .text.uclass_get_device_by_of_offset
                0x000000004a015ea8       0x1c drivers/built-in.o
                0x000000004a015ea8                uclass_get_device_by_of_offset
 .text.uclass_first_device
                0x000000004a015ec4       0x1e drivers/built-in.o
                0x000000004a015ec4                uclass_first_device
 .text.uclass_next_device
                0x000000004a015ee2       0x24 drivers/built-in.o
                0x000000004a015ee2                uclass_next_device
 .text.uclass_bind_device
                0x000000004a015f06       0x3a drivers/built-in.o
                0x000000004a015f06                uclass_bind_device
 .text.uclass_unbind_device
                0x000000004a015f40       0x26 drivers/built-in.o
                0x000000004a015f40                uclass_unbind_device
 *fill*         0x000000004a015f66        0x2 
 .text.uclass_resolve_seq
                0x000000004a015f68       0x64 drivers/built-in.o
                0x000000004a015f68                uclass_resolve_seq
 .text.uclass_pre_probe_device
                0x000000004a015fcc       0x2e drivers/built-in.o
                0x000000004a015fcc                uclass_pre_probe_device
 .text.uclass_post_probe_device
                0x000000004a015ffa        0xe drivers/built-in.o
                0x000000004a015ffa                uclass_post_probe_device
 .text.uclass_pre_remove_device
                0x000000004a016008        0xe drivers/built-in.o
                0x000000004a016008                uclass_pre_remove_device
 .text.dm_warn  0x000000004a016016       0x1a drivers/built-in.o
                0x000000004a016016                dm_warn
 .text.dm_fdt_pre_reloc
                0x000000004a016030       0x44 drivers/built-in.o
                0x000000004a016030                dm_fdt_pre_reloc
 .text.device_unbind
                0x000000004a016074       0xb8 drivers/built-in.o
                0x000000004a016074                device_unbind
 .text.device_free
                0x000000004a01612c       0x44 drivers/built-in.o
                0x000000004a01612c                device_free
 .text.device_remove
                0x000000004a016170       0xec drivers/built-in.o
                0x000000004a016170                device_remove
 .text.simple_bus_post_bind
                0x000000004a01625c       0x34 drivers/built-in.o
 .text.show_devices
                0x000000004a016290       0xa0 drivers/built-in.o
 .text.dm_dump_all
                0x000000004a016330       0x30 drivers/built-in.o
                0x000000004a016330                dm_dump_all
 .text.dm_dump_uclass
                0x000000004a016360       0x8c drivers/built-in.o
                0x000000004a016360                dm_dump_uclass
 .text.ofnode_read_u32
                0x000000004a0163ec       0x30 drivers/built-in.o
                0x000000004a0163ec                ofnode_read_u32
 .text.ofnode_read_u32_default
                0x000000004a01641c       0x16 drivers/built-in.o
                0x000000004a01641c                ofnode_read_u32_default
 .text.ofnode_read_u32_array
                0x000000004a016432       0x1c drivers/built-in.o
                0x000000004a016432                ofnode_read_u32_array
 .text.ofnode_get_name
                0x000000004a01644e        0xc drivers/built-in.o
                0x000000004a01644e                ofnode_get_name
 .text.ofnode_path
                0x000000004a01645a        0xe drivers/built-in.o
                0x000000004a01645a                ofnode_path
 .text.ofnode_get_property
                0x000000004a016468       0x18 drivers/built-in.o
                0x000000004a016468                ofnode_get_property
 .text.get_desc
                0x000000004a016480       0x3a drivers/built-in.o
 *fill*         0x000000004a0164ba        0x2 
 .text.blk_driver_lookup_type
                0x000000004a0164bc       0x24 drivers/built-in.o
                0x000000004a0164bc                blk_driver_lookup_type
 .text.blk_get_if_type_name
                0x000000004a0164e0        0xc drivers/built-in.o
                0x000000004a0164e0                blk_get_if_type_name
 .text.blk_list_part
                0x000000004a0164ec       0x52 drivers/built-in.o
                0x000000004a0164ec                blk_list_part
 .text.blk_print_part_devnum
                0x000000004a01653e       0x36 drivers/built-in.o